2026-03-14T15:39:09.733875181Z [inf]  Unpacking libx11-data (2:1.8.4-2+deb12u2) ...

2026-03-14T15:39:09.783308454Z [inf]  Selecting previously unselected package libx11-6:amd64.

2026-03-14T15:39:09.785490769Z [inf]  Preparing to unpack .../037-libx11-6_2%3a1.8.4-2+deb12u2_amd64.deb ...

2026-03-14T15:39:09.78725862Z [inf]  Unpacking libx11-6:amd64 (2:1.8.4-2+deb12u2) ...

2026-03-14T15:39:09.852066072Z [inf]  Selecting previously unselected package libxext6:amd64.

2026-03-14T15:39:09.853953196Z [inf]  Preparing to unpack .../038-libxext6_2%3a1.3.4-1+b1_amd64.deb ...

2026-03-14T15:39:09.856067562Z [inf]  Unpacking libxext6:amd64 (2:1.3.4-1+b1) ...

2026-03-14T15:39:09.880075206Z [inf]  Selecting previously unselected package libxi6:amd64.

2026-03-14T15:39:09.881923573Z [inf]  Preparing to unpack .../039-libxi6_2%3a1.8-1+b1_amd64.deb ...

2026-03-14T15:39:09.883698763Z [inf]  Unpacking libxi6:amd64 (2:1.8-1+b1) ...

2026-03-14T15:39:09.906213379Z [inf]  Selecting previously unselected package libatspi2.0-0:amd64.

2026-03-14T15:39:09.908160802Z [inf]  Preparing to unpack .../040-libatspi2.0-0_2.46.0-5_amd64.deb ...

2026-03-14T15:39:09.9097549Z [inf]  Unpacking libatspi2.0-0:amd64 (2.46.0-5) ...

2026-03-14T15:39:09.934173364Z [inf]  Selecting previously unselected package libatk-bridge2.0-0:amd64.

2026-03-14T15:39:09.936060962Z [inf]  Preparing to unpack .../041-libatk-bridge2.0-0_2.46.0-5_amd64.deb ...

2026-03-14T15:39:09.937411299Z [inf]  Unpacking libatk-bridge2.0-0:amd64 (2.46.0-5) ...

2026-03-14T15:39:09.958537645Z [inf]  Selecting previously unselected package libbrotli1:amd64.

2026-03-14T15:39:09.960050549Z [inf]  Preparing to unpack .../042-libbrotli1_1.0.9-2+b6_amd64.deb ...

2026-03-14T15:39:09.961286229Z [inf]  Unpacking libbrotli1:amd64 (1.0.9-2+b6) ...

2026-03-14T15:39:10.000697334Z [inf]  Selecting previously unselected package libfreetype6:amd64.

2026-03-14T15:39:10.003074813Z [inf]  Preparing to unpack .../043-libfreetype6_2.12.1+dfsg-5+deb12u4_amd64.deb ...

2026-03-14T15:39:10.004588904Z [inf]  Unpacking libfreetype6:amd64 (2.12.1+dfsg-5+deb12u4) ...

2026-03-14T15:39:10.046817556Z [inf]  Selecting previously unselected package fonts-dejavu-core.

2026-03-14T15:39:10.048621012Z [inf]  Preparing to unpack .../044-fonts-dejavu-core_2.37-6_all.deb ...

2026-03-14T15:39:10.050158702Z [inf]  Unpacking fonts-dejavu-core (2.37-6) ...

2026-03-14T15:39:10.147553336Z [inf]  Selecting previously unselected package fontconfig-config.

2026-03-14T15:39:10.149297792Z [inf]  Preparing to unpack .../045-fontconfig-config_2.14.1-4_amd64.deb ...

2026-03-14T15:39:10.162966668Z [inf]  Selecting previously unselected package cpp.

2026-03-14T15:39:10.164225265Z [inf]  Preparing to unpack .../022-cpp_4%3a12.2.0-3_amd64.deb ...

2026-03-14T15:39:10.165345243Z [inf]  Unpacking cpp (4:12.2.0-3) ...

2026-03-14T15:39:10.182847146Z [inf]  Selecting previously unselected package libcc1-0:amd64.

2026-03-14T15:39:10.184322554Z [inf]  Preparing to unpack .../023-libcc1-0_12.2.0-14+deb12u1_amd64.deb ...

2026-03-14T15:39:10.185744554Z [inf]  Unpacking libcc1-0:amd64 (12.2.0-14+deb12u1) ...

2026-03-14T15:39:10.206188151Z [inf]  Selecting previously unselected package libgomp1:amd64.

2026-03-14T15:39:10.207641023Z [inf]  Preparing to unpack .../024-libgomp1_12.2.0-14+deb12u1_amd64.deb ...

2026-03-14T15:39:10.209078179Z [inf]  Unpacking libgomp1:amd64 (12.2.0-14+deb12u1) ...

2026-03-14T15:39:10.233543643Z [inf]  Selecting previously unselected package libitm1:amd64.

2026-03-14T15:39:10.234977986Z [inf]  Preparing to unpack .../025-libitm1_12.2.0-14+deb12u1_amd64.deb ...

2026-03-14T15:39:10.236209173Z [inf]  Unpacking libitm1:amd64 (12.2.0-14+deb12u1) ...

2026-03-14T15:39:10.24193404Z [inf]  Unpacking fontconfig-config (2.14.1-4) ...

2026-03-14T15:39:10.256363706Z [inf]  Selecting previously unselected package libatomic1:amd64.

2026-03-14T15:39:10.257808437Z [inf]  Preparing to unpack .../026-libatomic1_12.2.0-14+deb12u1_amd64.deb ...

2026-03-14T15:39:10.259894502Z [inf]  Unpacking libatomic1:amd64 (12.2.0-14+deb12u1) ...

2026-03-14T15:39:10.274616644Z [inf]  Selecting previously unselected package libfontconfig1:amd64.

2026-03-14T15:39:10.276381804Z [inf]  Preparing to unpack .../046-libfontconfig1_2.14.1-4_amd64.deb ...

2026-03-14T15:39:10.276594582Z [inf]  Selecting previously unselected package libasan8:amd64.

2026-03-14T15:39:10.277758372Z [inf]  Unpacking libfontconfig1:amd64 (2.14.1-4) ...

2026-03-14T15:39:10.278318972Z [inf]  Preparing to unpack .../027-libasan8_12.2.0-14+deb12u1_amd64.deb ...

2026-03-14T15:39:10.279612752Z [inf]  Unpacking libasan8:amd64 (12.2.0-14+deb12u1) ...

2026-03-14T15:39:10.3070427Z [inf]  Selecting previously unselected package libpixman-1-0:amd64.

2026-03-14T15:39:10.309111644Z [inf]  Preparing to unpack .../047-libpixman-1-0_0.42.2-1_amd64.deb ...

2026-03-14T15:39:10.310478671Z [inf]  Unpacking libpixman-1-0:amd64 (0.42.2-1) ...

2026-03-14T15:39:10.348577713Z [inf]  Selecting previously unselected package libxcb-render0:amd64.

2026-03-14T15:39:10.350090527Z [inf]  Preparing to unpack .../048-libxcb-render0_1.15-1_amd64.deb ...

2026-03-14T15:39:10.351354886Z [inf]  Unpacking libxcb-render0:amd64 (1.15-1) ...

2026-03-14T15:39:10.372724568Z [inf]  Selecting previously unselected package libxcb-shm0:amd64.

2026-03-14T15:39:10.374191305Z [inf]  Preparing to unpack .../049-libxcb-shm0_1.15-1_amd64.deb ...

2026-03-14T15:39:10.375488418Z [inf]  Unpacking libxcb-shm0:amd64 (1.15-1) ...

2026-03-14T15:39:10.398799222Z [inf]  Selecting previously unselected package libxrender1:amd64.

2026-03-14T15:39:10.401169405Z [inf]  Preparing to unpack .../050-libxrender1_1%3a0.9.10-1.1_amd64.deb ...

2026-03-14T15:39:10.402746842Z [inf]  Unpacking libxrender1:amd64 (1:0.9.10-1.1) ...

2026-03-14T15:39:10.420655499Z [inf]  Selecting previously unselected package libcairo2:amd64.

2026-03-14T15:39:10.422164654Z [inf]  Preparing to unpack .../051-libcairo2_1.16.0-7_amd64.deb ...

2026-03-14T15:39:10.423785438Z [inf]  Unpacking libcairo2:amd64 (1.16.0-7) ...

2026-03-14T15:39:10.46493589Z [inf]  Selecting previously unselected package liblsan0:amd64.

2026-03-14T15:39:10.466469481Z [inf]  Preparing to unpack .../028-liblsan0_12.2.0-14+deb12u1_amd64.deb ...

2026-03-14T15:39:10.468639417Z [inf]  Unpacking liblsan0:amd64 (12.2.0-14+deb12u1) ...

2026-03-14T15:39:10.476127789Z [inf]  Selecting previously unselected package libavahi-common-data:amd64.

2026-03-14T15:39:10.477707344Z [inf]  Preparing to unpack .../052-libavahi-common-data_0.8-10+deb12u1_amd64.deb ...

2026-03-14T15:39:10.479449322Z [inf]  Unpacking libavahi-common-data:amd64 (0.8-10+deb12u1) ...

2026-03-14T15:39:10.50781665Z [inf]  Selecting previously unselected package libavahi-common3:amd64.

2026-03-14T15:39:10.509998619Z [inf]  Preparing to unpack .../053-libavahi-common3_0.8-10+deb12u1_amd64.deb ...

2026-03-14T15:39:10.511438182Z [inf]  Unpacking libavahi-common3:amd64 (0.8-10+deb12u1) ...

2026-03-14T15:39:10.530749206Z [inf]  Selecting previously unselected package libavahi-client3:amd64.

2026-03-14T15:39:10.532419231Z [inf]  Preparing to unpack .../054-libavahi-client3_0.8-10+deb12u1_amd64.deb ...

2026-03-14T15:39:10.534021574Z [inf]  Unpacking libavahi-client3:amd64 (0.8-10+deb12u1) ...

2026-03-14T15:39:10.554885024Z [inf]  Selecting previously unselected package libkrb5support0:amd64.

2026-03-14T15:39:10.555448982Z [inf]  Selecting previously unselected package libtsan2:amd64.

2026-03-14T15:39:10.556635762Z [inf]  Preparing to unpack .../055-libkrb5support0_1.20.1-2+deb12u4_amd64.deb ...

2026-03-14T15:39:10.556770289Z [inf]  Preparing to unpack .../029-libtsan2_12.2.0-14+deb12u1_amd64.deb ...

2026-03-14T15:39:10.558158841Z [inf]  Unpacking libkrb5support0:amd64 (1.20.1-2+deb12u4) ...

2026-03-14T15:39:10.558332989Z [inf]  Unpacking libtsan2:amd64 (12.2.0-14+deb12u1) ...

2026-03-14T15:39:10.576813418Z [inf]  Selecting previously unselected package libk5crypto3:amd64.

2026-03-14T15:39:10.578347182Z [inf]  Preparing to unpack .../056-libk5crypto3_1.20.1-2+deb12u4_amd64.deb ...

2026-03-14T15:39:10.579505044Z [inf]  Unpacking libk5crypto3:amd64 (1.20.1-2+deb12u4) ...

2026-03-14T15:39:10.604738349Z [inf]  Selecting previously unselected package libkeyutils1:amd64.

2026-03-14T15:39:10.606643999Z [inf]  Preparing to unpack .../057-libkeyutils1_1.6.3-2_amd64.deb ...

2026-03-14T15:39:10.608115456Z [inf]  Unpacking libkeyutils1:amd64 (1.6.3-2) ...

2026-03-14T15:39:10.628891485Z [inf]  Selecting previously unselected package libkrb5-3:amd64.

2026-03-14T15:39:10.630562415Z [inf]  Preparing to unpack .../058-libkrb5-3_1.20.1-2+deb12u4_amd64.deb ...

2026-03-14T15:39:10.632113142Z [inf]  Unpacking libkrb5-3:amd64 (1.20.1-2+deb12u4) ...

2026-03-14T15:39:10.673280221Z [inf]  Selecting previously unselected package libgssapi-krb5-2:amd64.

2026-03-14T15:39:10.675154528Z [inf]  Preparing to unpack .../059-libgssapi-krb5-2_1.20.1-2+deb12u4_amd64.deb ...

2026-03-14T15:39:10.678532424Z [inf]  Unpacking libgssapi-krb5-2:amd64 (1.20.1-2+deb12u4) ...

2026-03-14T15:39:10.731682938Z [inf]  Selecting previously unselected package libcups2:amd64.

2026-03-14T15:39:10.733755133Z [inf]  Preparing to unpack .../060-libcups2_2.4.2-3+deb12u9_amd64.deb ...

2026-03-14T15:39:10.73503038Z [inf]  Unpacking libcups2:amd64 (2.4.2-3+deb12u9) ...

2026-03-14T15:39:10.740975965Z [inf]  Selecting previously unselected package libubsan1:amd64.

2026-03-14T15:39:10.742466126Z [inf]  Preparing to unpack .../030-libubsan1_12.2.0-14+deb12u1_amd64.deb ...

2026-03-14T15:39:10.74413697Z [inf]  Unpacking libubsan1:amd64 (12.2.0-14+deb12u1) ...

2026-03-14T15:39:10.772880776Z [inf]  Selecting previously unselected package libdav1d6:amd64.

2026-03-14T15:39:10.774845531Z [inf]  Preparing to unpack .../061-libdav1d6_1.0.0-2+deb12u1_amd64.deb ...

2026-03-14T15:39:10.776298931Z [inf]  Unpacking libdav1d6:amd64 (1.0.0-2+deb12u1) ...

2026-03-14T15:39:10.824452179Z [inf]  Selecting previously unselected package libquadmath0:amd64.

2026-03-14T15:39:10.826013247Z [inf]  Preparing to unpack .../031-libquadmath0_12.2.0-14+deb12u1_amd64.deb ...

2026-03-14T15:39:10.827429264Z [inf]  Unpacking libquadmath0:amd64 (12.2.0-14+deb12u1) ...

2026-03-14T15:39:10.832013016Z [inf]  Selecting previously unselected package libdouble-conversion3:amd64.

2026-03-14T15:39:10.833686537Z [inf]  Preparing to unpack .../062-libdouble-conversion3_3.2.1-1_amd64.deb ...

2026-03-14T15:39:10.835064136Z [inf]  Unpacking libdouble-conversion3:amd64 (3.2.1-1) ...

2026-03-14T15:39:10.851145709Z [inf]  Selecting previously unselected package libgcc-12-dev:amd64.

2026-03-14T15:39:10.852679216Z [inf]  Preparing to unpack .../032-libgcc-12-dev_12.2.0-14+deb12u1_amd64.deb ...

2026-03-14T15:39:10.853901318Z [inf]  Selecting previously unselected package libogg0:amd64.

2026-03-14T15:39:10.853990938Z [inf]  Unpacking libgcc-12-dev:amd64 (12.2.0-14+deb12u1) ...

2026-03-14T15:39:10.85558359Z [inf]  Preparing to unpack .../063-libogg0_1.3.5-3_amd64.deb ...

2026-03-14T15:39:10.856730629Z [inf]  Unpacking libogg0:amd64 (1.3.5-3) ...

2026-03-14T15:39:10.885218371Z [inf]  Selecting previously unselected package libflac12:amd64.

2026-03-14T15:39:10.88687638Z [inf]  Preparing to unpack .../064-libflac12_1.4.2+ds-2_amd64.deb ...

2026-03-14T15:39:10.888180301Z [inf]  Unpacking libflac12:amd64 (1.4.2+ds-2) ...

2026-03-14T15:39:10.916473699Z [inf]  Selecting previously unselected package libdrm-common.

2026-03-14T15:39:10.918023652Z [inf]  Preparing to unpack .../065-libdrm-common_2.4.114-1_all.deb ...

2026-03-14T15:39:10.919588735Z [inf]  Unpacking libdrm-common (2.4.114-1) ...

2026-03-14T15:39:10.937021982Z [inf]  Selecting previously unselected package libdrm2:amd64.

2026-03-14T15:39:10.938587421Z [inf]  Preparing to unpack .../066-libdrm2_2.4.114-1+b1_amd64.deb ...

2026-03-14T15:39:10.93999568Z [inf]  Unpacking libdrm2:amd64 (2.4.114-1+b1) ...

2026-03-14T15:39:10.958821693Z [inf]  Selecting previously unselected package libwayland-server0:amd64.

2026-03-14T15:39:10.960528984Z [inf]  Preparing to unpack .../067-libwayland-server0_1.21.0-1_amd64.deb ...

2026-03-14T15:39:10.961997713Z [inf]  Unpacking libwayland-server0:amd64 (1.21.0-1) ...

2026-03-14T15:39:10.980675813Z [inf]  Selecting previously unselected package libgbm1:amd64.

2026-03-14T15:39:10.982273773Z [inf]  Preparing to unpack .../068-libgbm1_22.3.6-1+deb12u1_amd64.deb ...

2026-03-14T15:39:10.983628431Z [inf]  Unpacking libgbm1:amd64 (22.3.6-1+deb12u1) ...

2026-03-14T15:39:11.002173517Z [inf]  Selecting previously unselected package libgraphite2-3:amd64.

2026-03-14T15:39:11.00377182Z [inf]  Preparing to unpack .../069-libgraphite2-3_1.3.14-1_amd64.deb ...

2026-03-14T15:39:11.005401415Z [inf]  Unpacking libgraphite2-3:amd64 (1.3.14-1) ...

2026-03-14T15:39:11.027302845Z [inf]  Selecting previously unselected package libharfbuzz0b:amd64.

2026-03-14T15:39:11.02935136Z [inf]  Preparing to unpack .../070-libharfbuzz0b_6.0.0+dfsg-3_amd64.deb ...

2026-03-14T15:39:11.030596358Z [inf]  Unpacking libharfbuzz0b:amd64 (6.0.0+dfsg-3) ...

2026-03-14T15:39:11.044422717Z [inf]  Selecting previously unselected package gcc-12.

2026-03-14T15:39:11.045912012Z [inf]  Preparing to unpack .../033-gcc-12_12.2.0-14+deb12u1_amd64.deb ...

2026-03-14T15:39:11.047169022Z [inf]  Unpacking gcc-12 (12.2.0-14+deb12u1) ...

2026-03-14T15:39:11.088336475Z [inf]  Selecting previously unselected package libharfbuzz-subset0:amd64.

2026-03-14T15:39:11.090068739Z [inf]  Preparing to unpack .../071-libharfbuzz-subset0_6.0.0+dfsg-3_amd64.deb ...

2026-03-14T15:39:11.091740443Z [inf]  Unpacking libharfbuzz-subset0:amd64 (6.0.0+dfsg-3) ...

2026-03-14T15:39:11.146483578Z [inf]  Selecting previously unselected package liblcms2-2:amd64.

2026-03-14T15:39:11.148128601Z [inf]  Preparing to unpack .../072-liblcms2-2_2.14-2_amd64.deb ...

2026-03-14T15:39:11.149441417Z [inf]  Unpacking liblcms2-2:amd64 (2.14-2) ...

2026-03-14T15:39:11.18011359Z [inf]  Selecting previously unselected package libminizip1:amd64.

2026-03-14T15:39:11.182459703Z [inf]  Preparing to unpack .../073-libminizip1_1.1-8+deb12u1_amd64.deb ...

2026-03-14T15:39:11.184727236Z [inf]  Unpacking libminizip1:amd64 (1.1-8+deb12u1) ...

2026-03-14T15:39:11.204204109Z [inf]  Selecting previously unselected package libnspr4:amd64.

2026-03-14T15:39:11.206337955Z [inf]  Preparing to unpack .../074-libnspr4_2%3a4.35-1_amd64.deb ...

2026-03-14T15:39:11.208086541Z [inf]  Unpacking libnspr4:amd64 (2:4.35-1) ...

2026-03-14T15:39:11.236662409Z [inf]  Selecting previously unselected package libsqlite3-0:amd64.

2026-03-14T15:39:11.23850273Z [inf]  Preparing to unpack .../075-libsqlite3-0_3.40.1-2+deb12u2_amd64.deb ...

2026-03-14T15:39:11.240665152Z [inf]  Unpacking libsqlite3-0:amd64 (3.40.1-2+deb12u2) ...

2026-03-14T15:39:11.303507353Z [inf]  Selecting previously unselected package libnss3:amd64.

2026-03-14T15:39:11.305076338Z [inf]  Preparing to unpack .../076-libnss3_2%3a3.87.1-1+deb12u2_amd64.deb ...

2026-03-14T15:39:11.306820353Z [inf]  Unpacking libnss3:amd64 (2:3.87.1-1+deb12u2) ...

2026-03-14T15:39:11.429827907Z [inf]  Selecting previously unselected package libopenh264-7:amd64.

2026-03-14T15:39:11.431540951Z [inf]  Preparing to unpack .../077-libopenh264-7_2.3.1+dfsg-3+deb12u2_amd64.deb ...

2026-03-14T15:39:11.434111087Z [inf]  Unpacking libopenh264-7:amd64 (2.3.1+dfsg-3+deb12u2) ...

2026-03-14T15:39:11.477507536Z [inf]  Selecting previously unselected package libopenjp2-7:amd64.

2026-03-14T15:39:11.479449428Z [inf]  Preparing to unpack .../078-libopenjp2-7_2.5.0-2+deb12u2_amd64.deb ...

2026-03-14T15:39:11.480978828Z [inf]  Unpacking libopenjp2-7:amd64 (2.5.0-2+deb12u2) ...

2026-03-14T15:39:11.511821544Z [inf]  Selecting previously unselected package libopus0:amd64.

2026-03-14T15:39:11.513739665Z [inf]  Preparing to unpack .../079-libopus0_1.3.1-3_amd64.deb ...

2026-03-14T15:39:11.514959874Z [inf]  Unpacking libopus0:amd64 (1.3.1-3) ...

2026-03-14T15:39:11.547596614Z [inf]  Selecting previously unselected package fontconfig.

2026-03-14T15:39:11.549194461Z [inf]  Preparing to unpack .../080-fontconfig_2.14.1-4_amd64.deb ...

2026-03-14T15:39:11.550489525Z [inf]  Unpacking fontconfig (2.14.1-4) ...

2026-03-14T15:39:11.582036727Z [inf]  Selecting previously unselected package libfribidi0:amd64.

2026-03-14T15:39:11.583572918Z [inf]  Preparing to unpack .../081-libfribidi0_1.0.8-2.1_amd64.deb ...

2026-03-14T15:39:11.585250619Z [inf]  Unpacking libfribidi0:amd64 (1.0.8-2.1) ...

2026-03-14T15:39:11.614520294Z [inf]  Selecting previously unselected package libthai-data.

2026-03-14T15:39:11.616681611Z [inf]  Preparing to unpack .../082-libthai-data_0.1.29-1_all.deb ...

2026-03-14T15:39:11.619763965Z [inf]  Unpacking libthai-data (0.1.29-1) ...

2026-03-14T15:39:11.657791302Z [inf]  Selecting previously unselected package libdatrie1:amd64.

2026-03-14T15:39:11.65967298Z [inf]  Preparing to unpack .../083-libdatrie1_0.2.13-2+b1_amd64.deb ...

2026-03-14T15:39:11.661469829Z [inf]  Unpacking libdatrie1:amd64 (0.2.13-2+b1) ...

2026-03-14T15:39:11.690967456Z [inf]  Selecting previously unselected package libthai0:amd64.

2026-03-14T15:39:11.693087309Z [inf]  Preparing to unpack .../084-libthai0_0.1.29-1_amd64.deb ...

2026-03-14T15:39:11.694818349Z [inf]  Unpacking libthai0:amd64 (0.1.29-1) ...

2026-03-14T15:39:11.717815576Z [inf]  Selecting previously unselected package libpango-1.0-0:amd64.

2026-03-14T15:39:11.719599779Z [inf]  Preparing to unpack .../085-libpango-1.0-0_1.50.12+ds-1_amd64.deb ...

2026-03-14T15:39:11.721311967Z [inf]  Unpacking libpango-1.0-0:amd64 (1.50.12+ds-1) ...

2026-03-14T15:39:11.742019384Z [inf]  Selecting previously unselected package gcc.

2026-03-14T15:39:11.743709049Z [inf]  Preparing to unpack .../034-gcc_4%3a12.2.0-3_amd64.deb ...

2026-03-14T15:39:11.745822044Z [inf]  Unpacking gcc (4:12.2.0-3) ...

2026-03-14T15:39:11.756384794Z [inf]  Selecting previously unselected package libasyncns0:amd64.

2026-03-14T15:39:11.758350846Z [inf]  Preparing to unpack .../086-libasyncns0_0.8-6+b3_amd64.deb ...

2026-03-14T15:39:11.760096178Z [inf]  Unpacking libasyncns0:amd64 (0.8-6+b3) ...

2026-03-14T15:39:11.767493251Z [inf]  Selecting previously unselected package libstdc++-12-dev:amd64.

2026-03-14T15:39:11.769337881Z [inf]  Preparing to unpack .../035-libstdc++-12-dev_12.2.0-14+deb12u1_amd64.deb ...

2026-03-14T15:39:11.77072981Z [inf]  Unpacking libstdc++-12-dev:amd64 (12.2.0-14+deb12u1) ...

2026-03-14T15:39:11.781036696Z [inf]  Selecting previously unselected package libmp3lame0:amd64.

2026-03-14T15:39:11.782559581Z [inf]  Preparing to unpack .../087-libmp3lame0_3.100-6_amd64.deb ...

2026-03-14T15:39:11.784492425Z [inf]  Unpacking libmp3lame0:amd64 (3.100-6) ...

2026-03-14T15:39:11.823017373Z [inf]  Selecting previously unselected package libmpg123-0:amd64.

2026-03-14T15:39:11.824782647Z [inf]  Preparing to unpack .../088-libmpg123-0_1.31.2-1+deb12u1_amd64.deb ...

2026-03-14T15:39:11.826838803Z [inf]  Unpacking libmpg123-0:amd64 (1.31.2-1+deb12u1) ...

2026-03-14T15:39:11.859237328Z [inf]  Selecting previously unselected package libvorbis0a:amd64.

2026-03-14T15:39:11.861069109Z [inf]  Preparing to unpack .../089-libvorbis0a_1.3.7-1_amd64.deb ...

2026-03-14T15:39:11.862314397Z [inf]  Unpacking libvorbis0a:amd64 (1.3.7-1) ...

2026-03-14T15:39:11.886470621Z [inf]  Selecting previously unselected package libvorbisenc2:amd64.

2026-03-14T15:39:11.888262436Z [inf]  Preparing to unpack .../090-libvorbisenc2_1.3.7-1_amd64.deb ...

2026-03-14T15:39:11.889802054Z [inf]  Unpacking libvorbisenc2:amd64 (1.3.7-1) ...

2026-03-14T15:39:11.915333741Z [inf]  Selecting previously unselected package libsndfile1:amd64.

2026-03-14T15:39:11.917098618Z [inf]  Preparing to unpack .../091-libsndfile1_1.2.0-1+deb12u1_amd64.deb ...

2026-03-14T15:39:11.918815644Z [inf]  Unpacking libsndfile1:amd64 (1.2.0-1+deb12u1) ...

2026-03-14T15:39:11.948740966Z [inf]  Selecting previously unselected package libx11-xcb1:amd64.

2026-03-14T15:39:11.950326338Z [inf]  Preparing to unpack .../092-libx11-xcb1_2%3a1.8.4-2+deb12u2_amd64.deb ...

2026-03-14T15:39:11.952251626Z [inf]  Unpacking libx11-xcb1:amd64 (2:1.8.4-2+deb12u2) ...

2026-03-14T15:39:11.965960061Z [inf]  Selecting previously unselected package g++-12.

2026-03-14T15:39:11.968072133Z [inf]  Preparing to unpack .../036-g++-12_12.2.0-14+deb12u1_amd64.deb ...

2026-03-14T15:39:11.969593498Z [inf]  Unpacking g++-12 (12.2.0-14+deb12u1) ...

2026-03-14T15:39:11.978787325Z [inf]  Selecting previously unselected package libpulse0:amd64.

2026-03-14T15:39:11.981074623Z [inf]  Preparing to unpack .../093-libpulse0_16.1+dfsg1-2+b1_amd64.deb ...

2026-03-14T15:39:11.986989424Z [inf]  Unpacking libpulse0:amd64 (16.1+dfsg1-2+b1) ...

2026-03-14T15:39:12.025877836Z [inf]  Selecting previously unselected package libxcomposite1:amd64.

2026-03-14T15:39:12.028072961Z [inf]  Preparing to unpack .../094-libxcomposite1_1%3a0.4.5-1_amd64.deb ...

2026-03-14T15:39:12.029995433Z [inf]  Unpacking libxcomposite1:amd64 (1:0.4.5-1) ...

2026-03-14T15:39:12.049575853Z [inf]  Selecting previously unselected package libxdamage1:amd64.

2026-03-14T15:39:12.051411934Z [inf]  Preparing to unpack .../095-libxdamage1_1%3a1.1.6-1_amd64.deb ...

2026-03-14T15:39:12.053056133Z [inf]  Unpacking libxdamage1:amd64 (1:1.1.6-1) ...

2026-03-14T15:39:12.072392452Z [inf]  Selecting previously unselected package libxfixes3:amd64.

2026-03-14T15:39:12.074101639Z [inf]  Preparing to unpack .../096-libxfixes3_1%3a6.0.0-2_amd64.deb ...

2026-03-14T15:39:12.075786584Z [inf]  Unpacking libxfixes3:amd64 (1:6.0.0-2) ...

2026-03-14T15:39:12.09337259Z [inf]  Selecting previously unselected package xkb-data.

2026-03-14T15:39:12.095168155Z [inf]  Preparing to unpack .../097-xkb-data_2.35.1-1_all.deb ...

2026-03-14T15:39:12.096842615Z [inf]  Unpacking xkb-data (2.35.1-1) ...

2026-03-14T15:39:12.19061827Z [inf]  Selecting previously unselected package libxkbcommon0:amd64.

2026-03-14T15:39:12.192582218Z [inf]  Preparing to unpack .../098-libxkbcommon0_1.5.0-1_amd64.deb ...

2026-03-14T15:39:12.194103039Z [inf]  Unpacking libxkbcommon0:amd64 (1.5.0-1) ...

2026-03-14T15:39:12.218190708Z [inf]  Selecting previously unselected package libxnvctrl0:amd64.

2026-03-14T15:39:12.219897238Z [inf]  Preparing to unpack .../099-libxnvctrl0_525.85.05-3~deb12u1_amd64.deb ...

2026-03-14T15:39:12.221374708Z [inf]  Unpacking libxnvctrl0:amd64 (525.85.05-3~deb12u1) ...

2026-03-14T15:39:12.239719848Z [inf]  Selecting previously unselected package libxrandr2:amd64.

2026-03-14T15:39:12.241366581Z [inf]  Preparing to unpack .../100-libxrandr2_2%3a1.5.2-2+b1_amd64.deb ...

2026-03-14T15:39:12.242781713Z [inf]  Unpacking libxrandr2:amd64 (2:1.5.2-2+b1) ...

2026-03-14T15:39:12.279700627Z [inf]  Selecting previously unselected package libcairo-gobject2:amd64.

2026-03-14T15:39:12.281282656Z [inf]  Preparing to unpack .../101-libcairo-gobject2_1.16.0-7_amd64.deb ...

2026-03-14T15:39:12.284890771Z [inf]  Unpacking libcairo-gobject2:amd64 (1.16.0-7) ...

2026-03-14T15:39:12.312573124Z [inf]  Selecting previously unselected package libcolord2:amd64.

2026-03-14T15:39:12.31457674Z [inf]  Preparing to unpack .../102-libcolord2_1.4.6-2.2_amd64.deb ...

2026-03-14T15:39:12.31629248Z [inf]  Unpacking libcolord2:amd64 (1.4.6-2.2) ...

2026-03-14T15:39:12.346398009Z [inf]  Selecting previously unselected package libepoxy0:amd64.

2026-03-14T15:39:12.348766946Z [inf]  Preparing to unpack .../103-libepoxy0_1.5.10-1_amd64.deb ...

2026-03-14T15:39:12.350314965Z [inf]  Unpacking libepoxy0:amd64 (1.5.10-1) ...

2026-03-14T15:39:12.383845131Z [inf]  Selecting previously unselected package libpangoft2-1.0-0:amd64.

2026-03-14T15:39:12.386099056Z [inf]  Preparing to unpack .../104-libpangoft2-1.0-0_1.50.12+ds-1_amd64.deb ...

2026-03-14T15:39:12.38790635Z [inf]  Unpacking libpangoft2-1.0-0:amd64 (1.50.12+ds-1) ...

2026-03-14T15:39:12.415515796Z [inf]  Selecting previously unselected package libpangocairo-1.0-0:amd64.

2026-03-14T15:39:12.417463825Z [inf]  Preparing to unpack .../105-libpangocairo-1.0-0_1.50.12+ds-1_amd64.deb ...

2026-03-14T15:39:12.4190337Z [inf]  Unpacking libpangocairo-1.0-0:amd64 (1.50.12+ds-1) ...

2026-03-14T15:39:12.445092363Z [inf]  Selecting previously unselected package libwayland-client0:amd64.

2026-03-14T15:39:12.447164474Z [inf]  Preparing to unpack .../106-libwayland-client0_1.21.0-1_amd64.deb ...

2026-03-14T15:39:12.44900642Z [inf]  Unpacking libwayland-client0:amd64 (1.21.0-1) ...

2026-03-14T15:39:12.47099962Z [inf]  Selecting previously unselected package libwayland-cursor0:amd64.

2026-03-14T15:39:12.472698937Z [inf]  Preparing to unpack .../107-libwayland-cursor0_1.21.0-1_amd64.deb ...

2026-03-14T15:39:12.47407122Z [inf]  Unpacking libwayland-cursor0:amd64 (1.21.0-1) ...

2026-03-14T15:39:12.495488342Z [inf]  Selecting previously unselected package libwayland-egl1:amd64.

2026-03-14T15:39:12.49780427Z [inf]  Preparing to unpack .../108-libwayland-egl1_1.21.0-1_amd64.deb ...

2026-03-14T15:39:12.499206209Z [inf]  Unpacking libwayland-egl1:amd64 (1.21.0-1) ...

2026-03-14T15:39:12.516340907Z [inf]  Selecting previously unselected package libxcursor1:amd64.

2026-03-14T15:39:12.517878122Z [inf]  Preparing to unpack .../109-libxcursor1_1%3a1.2.1-1_amd64.deb ...

2026-03-14T15:39:12.519410444Z [inf]  Unpacking libxcursor1:amd64 (1:1.2.1-1) ...

2026-03-14T15:39:12.539855341Z [inf]  Selecting previously unselected package libxinerama1:amd64.

2026-03-14T15:39:12.54196286Z [inf]  Preparing to unpack .../110-libxinerama1_2%3a1.1.4-3_amd64.deb ...

2026-03-14T15:39:12.543768292Z [inf]  Unpacking libxinerama1:amd64 (2:1.1.4-3) ...

2026-03-14T15:39:12.561183692Z [inf]  Selecting previously unselected package dbus-user-session.

2026-03-14T15:39:12.562889784Z [inf]  Preparing to unpack .../111-dbus-user-session_1.14.10-1~deb12u1_amd64.deb ...

2026-03-14T15:39:12.564598296Z [inf]  Unpacking dbus-user-session (1.14.10-1~deb12u1) ...

2026-03-14T15:39:12.588297712Z [inf]  Selecting previously unselected package libdconf1:amd64.

2026-03-14T15:39:12.589741331Z [inf]  Selecting previously unselected package g++.

2026-03-14T15:39:12.590239929Z [inf]  Preparing to unpack .../112-libdconf1_0.40.0-4_amd64.deb ...

2026-03-14T15:39:12.591158568Z [inf]  Preparing to unpack .../037-g++_4%3a12.2.0-3_amd64.deb ...

2026-03-14T15:39:12.591814618Z [inf]  Unpacking libdconf1:amd64 (0.40.0-4) ...

2026-03-14T15:39:12.592838699Z [inf]  Unpacking g++ (4:12.2.0-3) ...

2026-03-14T15:39:12.610810942Z [inf]  Selecting previously unselected package make.

2026-03-14T15:39:12.612042324Z [inf]  Selecting previously unselected package dconf-service.

2026-03-14T15:39:12.612196592Z [inf]  Preparing to unpack .../038-make_4.3-4.1_amd64.deb ...

2026-03-14T15:39:12.613788289Z [inf]  Preparing to unpack .../113-dconf-service_0.40.0-4_amd64.deb ...

2026-03-14T15:39:12.61397609Z [inf]  Unpacking make (4.3-4.1) ...

2026-03-14T15:39:12.615596885Z [inf]  Unpacking dconf-service (0.40.0-4) ...

2026-03-14T15:39:12.636087029Z [inf]  Selecting previously unselected package dconf-gsettings-backend:amd64.

2026-03-14T15:39:12.637805787Z [inf]  Preparing to unpack .../114-dconf-gsettings-backend_0.40.0-4_amd64.deb ...

2026-03-14T15:39:12.639587347Z [inf]  Unpacking dconf-gsettings-backend:amd64 (0.40.0-4) ...

2026-03-14T15:39:12.662026874Z [inf]  Selecting previously unselected package libgtk-3-common.

2026-03-14T15:39:12.662257671Z [inf]  Selecting previously unselected package libdpkg-perl.

2026-03-14T15:39:12.663619683Z [inf]  Preparing to unpack .../039-libdpkg-perl_1.21.22_all.deb ...

2026-03-14T15:39:12.663715996Z [inf]  Preparing to unpack .../115-libgtk-3-common_3.24.38-2~deb12u3_all.deb ...

2026-03-14T15:39:12.665616265Z [inf]  Unpacking libdpkg-perl (1.21.22) ...

2026-03-14T15:39:12.666374688Z [inf]  Unpacking libgtk-3-common (3.24.38-2~deb12u3) ...

2026-03-14T15:39:12.718054822Z [inf]  Selecting previously unselected package patch.

2026-03-14T15:39:12.719563672Z [inf]  Preparing to unpack .../040-patch_2.7.6-7_amd64.deb ...

2026-03-14T15:39:12.720955563Z [inf]  Unpacking patch (2.7.6-7) ...

2026-03-14T15:39:12.745134534Z [inf]  Selecting previously unselected package dpkg-dev.

2026-03-14T15:39:12.74640768Z [inf]  Preparing to unpack .../041-dpkg-dev_1.21.22_all.deb ...

2026-03-14T15:39:12.747666375Z [inf]  Unpacking dpkg-dev (1.21.22) ...

2026-03-14T15:39:12.839403519Z [inf]  Selecting previously unselected package build-essential.

2026-03-14T15:39:12.840806349Z [inf]  Preparing to unpack .../042-build-essential_12.9_amd64.deb ...

2026-03-14T15:39:12.842227082Z [inf]  Unpacking build-essential (12.9) ...

2026-03-14T15:39:12.860653454Z [inf]  Selecting previously unselected package python3-pkg-resources.

2026-03-14T15:39:12.862451419Z [inf]  Preparing to unpack .../043-python3-pkg-resources_66.1.1-1+deb12u2_all.deb ...

2026-03-14T15:39:12.863885018Z [inf]  Unpacking python3-pkg-resources (66.1.1-1+deb12u2) ...

2026-03-14T15:39:12.89799522Z [inf]  Selecting previously unselected package python3-six.

2026-03-14T15:39:12.899352736Z [inf]  Preparing to unpack .../044-python3-six_1.16.0-4_all.deb ...

2026-03-14T15:39:12.900898131Z [inf]  Unpacking python3-six (1.16.0-4) ...

2026-03-14T15:39:12.918596936Z [inf]  Selecting previously unselected package gyp.

2026-03-14T15:39:12.919836863Z [inf]  Preparing to unpack .../045-gyp_0.1+20220404git9ecf45e-2_all.deb ...

2026-03-14T15:39:12.921368004Z [inf]  Unpacking gyp (0.1+20220404git9ecf45e-2) ...

2026-03-14T15:39:12.941614799Z [inf]  Selecting previously unselected package libgtk-3-0:amd64.

2026-03-14T15:39:12.943383628Z [inf]  Preparing to unpack .../116-libgtk-3-0_3.24.38-2~deb12u3_amd64.deb ...

2026-03-14T15:39:12.945346275Z [inf]  Unpacking libgtk-3-0:amd64 (3.24.38-2~deb12u3) ...

2026-03-14T15:39:12.955299671Z [inf]  Selecting previously unselected package libbrotli1:amd64.

2026-03-14T15:39:12.956612541Z [inf]  Preparing to unpack .../046-libbrotli1_1.0.9-2+b6_amd64.deb ...

2026-03-14T15:39:12.958185612Z [inf]  Unpacking libbrotli1:amd64 (1.0.9-2+b6) ...

2026-03-14T15:39:12.996157934Z [inf]  Selecting previously unselected package libc-ares2:amd64.

2026-03-14T15:39:12.997776865Z [inf]  Preparing to unpack .../047-libc-ares2_1.18.1-3_amd64.deb ...

2026-03-14T15:39:12.999431334Z [inf]  Unpacking libc-ares2:amd64 (1.18.1-3) ...

2026-03-14T15:39:13.022187621Z [inf]  Selecting previously unselected package libicu72:amd64.

2026-03-14T15:39:13.023645487Z [inf]  Preparing to unpack .../048-libicu72_72.1-3+deb12u1_amd64.deb ...

2026-03-14T15:39:13.025202354Z [inf]  Unpacking libicu72:amd64 (72.1-3+deb12u1) ...

2026-03-14T15:39:13.162523073Z [inf]  Selecting previously unselected package libfontenc1:amd64.

2026-03-14T15:39:13.163973296Z [inf]  Preparing to unpack .../117-libfontenc1_1%3a1.1.4-1_amd64.deb ...

2026-03-14T15:39:13.165435246Z [inf]  Unpacking libfontenc1:amd64 (1:1.1.4-1) ...

2026-03-14T15:39:13.183569678Z [inf]  Selecting previously unselected package libglvnd0:amd64.

2026-03-14T15:39:13.185117136Z [inf]  Preparing to unpack .../118-libglvnd0_1.6.0-1_amd64.deb ...

2026-03-14T15:39:13.186719409Z [inf]  Unpacking libglvnd0:amd64 (1.6.0-1) ...

2026-03-14T15:39:13.210256898Z [inf]  Selecting previously unselected package libglapi-mesa:amd64.

2026-03-14T15:39:13.212140069Z [inf]  Preparing to unpack .../119-libglapi-mesa_22.3.6-1+deb12u1_amd64.deb ...

2026-03-14T15:39:13.213728417Z [inf]  Unpacking libglapi-mesa:amd64 (22.3.6-1+deb12u1) ...

2026-03-14T15:39:13.234787101Z [inf]  Selecting previously unselected package libxcb-dri2-0:amd64.

2026-03-14T15:39:13.23658323Z [inf]  Preparing to unpack .../120-libxcb-dri2-0_1.15-1_amd64.deb ...

2026-03-14T15:39:13.238150497Z [inf]  Unpacking libxcb-dri2-0:amd64 (1.15-1) ...

2026-03-14T15:39:13.264136959Z [inf]  Selecting previously unselected package libxcb-dri3-0:amd64.

2026-03-14T15:39:13.265723398Z [inf]  Preparing to unpack .../121-libxcb-dri3-0_1.15-1_amd64.deb ...

2026-03-14T15:39:13.267378943Z [inf]  Unpacking libxcb-dri3-0:amd64 (1.15-1) ...

2026-03-14T15:39:13.291891109Z [inf]  Selecting previously unselected package libxcb-glx0:amd64.

2026-03-14T15:39:13.293632469Z [inf]  Preparing to unpack .../122-libxcb-glx0_1.15-1_amd64.deb ...

2026-03-14T15:39:13.295384034Z [inf]  Unpacking libxcb-glx0:amd64 (1.15-1) ...

2026-03-14T15:39:13.324117579Z [inf]  Selecting previously unselected package libxcb-present0:amd64.

2026-03-14T15:39:13.326641303Z [inf]  Preparing to unpack .../123-libxcb-present0_1.15-1_amd64.deb ...

2026-03-14T15:39:13.328378881Z [inf]  Unpacking libxcb-present0:amd64 (1.15-1) ...

2026-03-14T15:39:13.355747242Z [inf]  Selecting previously unselected package libxcb-randr0:amd64.

2026-03-14T15:39:13.35745739Z [inf]  Preparing to unpack .../124-libxcb-randr0_1.15-1_amd64.deb ...

2026-03-14T15:39:13.359139133Z [inf]  Unpacking libxcb-randr0:amd64 (1.15-1) ...

2026-03-14T15:39:13.384605986Z [inf]  Selecting previously unselected package libxcb-sync1:amd64.

2026-03-14T15:39:13.386250079Z [inf]  Preparing to unpack .../125-libxcb-sync1_1.15-1_amd64.deb ...

2026-03-14T15:39:13.388117523Z [inf]  Unpacking libxcb-sync1:amd64 (1.15-1) ...

2026-03-14T15:39:13.41505914Z [inf]  Selecting previously unselected package libxcb-xfixes0:amd64.

2026-03-14T15:39:13.416634978Z [inf]  Preparing to unpack .../126-libxcb-xfixes0_1.15-1_amd64.deb ...

2026-03-14T15:39:13.418262434Z [inf]  Unpacking libxcb-xfixes0:amd64 (1.15-1) ...

2026-03-14T15:39:13.443199843Z [inf]  Selecting previously unselected package libxshmfence1:amd64.

2026-03-14T15:39:13.444936552Z [inf]  Preparing to unpack .../127-libxshmfence1_1.3-1_amd64.deb ...

2026-03-14T15:39:13.446367777Z [inf]  Unpacking libxshmfence1:amd64 (1.3-1) ...

2026-03-14T15:39:13.464999728Z [inf]  Selecting previously unselected package libxxf86vm1:amd64.

2026-03-14T15:39:13.467481123Z [inf]  Preparing to unpack .../128-libxxf86vm1_1%3a1.1.4-1+b2_amd64.deb ...

2026-03-14T15:39:13.469135485Z [inf]  Unpacking libxxf86vm1:amd64 (1:1.1.4-1+b2) ...

2026-03-14T15:39:13.488482797Z [inf]  Selecting previously unselected package libdrm-amdgpu1:amd64.

2026-03-14T15:39:13.490981366Z [inf]  Preparing to unpack .../129-libdrm-amdgpu1_2.4.114-1+b1_amd64.deb ...

2026-03-14T15:39:13.49308718Z [inf]  Unpacking libdrm-amdgpu1:amd64 (2.4.114-1+b1) ...

2026-03-14T15:39:13.51332493Z [inf]  Selecting previously unselected package libpciaccess0:amd64.

2026-03-14T15:39:13.515006493Z [inf]  Preparing to unpack .../130-libpciaccess0_0.17-2_amd64.deb ...

2026-03-14T15:39:13.516387288Z [inf]  Unpacking libpciaccess0:amd64 (0.17-2) ...

2026-03-14T15:39:13.539365313Z [inf]  Selecting previously unselected package libjs-events.

2026-03-14T15:39:13.541341228Z [inf]  Selecting previously unselected package libdrm-intel1:amd64.

2026-03-14T15:39:13.541402445Z [inf]  Preparing to unpack .../049-libjs-events_3.3.0+~3.0.0-3_all.deb ...

2026-03-14T15:39:13.543010984Z [inf]  Preparing to unpack .../131-libdrm-intel1_2.4.114-1+b1_amd64.deb ...

2026-03-14T15:39:13.543096152Z [inf]  Unpacking libjs-events (3.3.0+~3.0.0-3) ...

2026-03-14T15:39:13.544465235Z [inf]  Unpacking libdrm-intel1:amd64 (2.4.114-1+b1) ...

2026-03-14T15:39:13.559742641Z [inf]  Selecting previously unselected package libjs-inherits.

2026-03-14T15:39:13.561468112Z [inf]  Preparing to unpack .../050-libjs-inherits_2.0.4-6_all.deb ...

2026-03-14T15:39:13.566702627Z [inf]  Unpacking libjs-inherits (2.0.4-6) ...

2026-03-14T15:39:13.583060754Z [inf]  Selecting previously unselected package libdrm-nouveau2:amd64.

2026-03-14T15:39:13.584834587Z [inf]  Preparing to unpack .../132-libdrm-nouveau2_2.4.114-1+b1_amd64.deb ...

2026-03-14T15:39:13.58850291Z [inf]  Unpacking libdrm-nouveau2:amd64 (2.4.114-1+b1) ...

2026-03-14T15:39:13.602002898Z [inf]  Selecting previously unselected package libnghttp2-14:amd64.

2026-03-14T15:39:13.6035448Z [inf]  Preparing to unpack .../051-libnghttp2-14_1.52.0-1+deb12u2_amd64.deb ...

2026-03-14T15:39:13.60626999Z [inf]  Unpacking libnghttp2-14:amd64 (1.52.0-1+deb12u2) ...

2026-03-14T15:39:13.622252334Z [inf]  Selecting previously unselected package libdrm-radeon1:amd64.

2026-03-14T15:39:13.62459483Z [inf]  Preparing to unpack .../133-libdrm-radeon1_2.4.114-1+b1_amd64.deb ...

2026-03-14T15:39:13.62670753Z [inf]  Unpacking libdrm-radeon1:amd64 (2.4.114-1+b1) ...

2026-03-14T15:39:13.634839669Z [inf]  Selecting previously unselected package libssl-dev:amd64.

2026-03-14T15:39:13.636080763Z [inf]  Preparing to unpack .../052-libssl-dev_3.0.18-1~deb12u2_amd64.deb ...

2026-03-14T15:39:13.638572385Z [inf]  Unpacking libssl-dev:amd64 (3.0.18-1~deb12u2) ...

2026-03-14T15:39:13.654554882Z [inf]  Selecting previously unselected package libelf1:amd64.

2026-03-14T15:39:13.656418406Z [inf]  Preparing to unpack .../134-libelf1_0.188-2.1_amd64.deb ...

2026-03-14T15:39:13.658492301Z [inf]  Unpacking libelf1:amd64 (0.188-2.1) ...

2026-03-14T15:39:13.690843929Z [inf]  Selecting previously unselected package libedit2:amd64.

2026-03-14T15:39:13.69318892Z [inf]  Preparing to unpack .../135-libedit2_3.1-20221030-2_amd64.deb ...

2026-03-14T15:39:13.701856326Z [inf]  Unpacking libedit2:amd64 (3.1-20221030-2) ...

2026-03-14T15:39:13.727525943Z [inf]  Selecting previously unselected package libz3-4:amd64.

2026-03-14T15:39:13.729067709Z [inf]  Preparing to unpack .../136-libz3-4_4.8.12-3.1_amd64.deb ...

2026-03-14T15:39:13.730383903Z [inf]  Unpacking libz3-4:amd64 (4.8.12-3.1) ...

2026-03-14T15:39:13.835939614Z [inf]  Selecting previously unselected package libuv1:amd64.

2026-03-14T15:39:13.837289768Z [inf]  Preparing to unpack .../053-libuv1_1.44.2-1+deb12u1_amd64.deb ...

2026-03-14T15:39:13.839112175Z [inf]  Unpacking libuv1:amd64 (1.44.2-1+deb12u1) ...

2026-03-14T15:39:13.866737442Z [inf]  Selecting previously unselected package libuv1-dev:amd64.

2026-03-14T15:39:13.868060894Z [inf]  Preparing to unpack .../054-libuv1-dev_1.44.2-1+deb12u1_amd64.deb ...

2026-03-14T15:39:13.86963222Z [inf]  Unpacking libuv1-dev:amd64 (1.44.2-1+deb12u1) ...

2026-03-14T15:39:13.897800277Z [inf]  Selecting previously unselected package node-xtend.

2026-03-14T15:39:13.899096057Z [inf]  Preparing to unpack .../055-node-xtend_4.0.2-3_all.deb ...

2026-03-14T15:39:13.900799076Z [inf]  Unpacking node-xtend (4.0.2-3) ...

2026-03-14T15:39:13.917317173Z [inf]  Selecting previously unselected package nodejs.

2026-03-14T15:39:13.918770915Z [inf]  Preparing to unpack .../056-nodejs_18.20.4+dfsg-1~deb12u1_amd64.deb ...

2026-03-14T15:39:13.920607998Z [inf]  Unpacking nodejs (18.20.4+dfsg-1~deb12u1) ...

2026-03-14T15:39:13.971537207Z [inf]  Selecting previously unselected package node-acorn.

2026-03-14T15:39:13.972995601Z [inf]  Preparing to unpack .../057-node-acorn_8.8.1+ds+~cs25.17.7-2_all.deb ...

2026-03-14T15:39:13.974565367Z [inf]  Unpacking node-acorn (8.8.1+ds+~cs25.17.7-2) ...

2026-03-14T15:39:14.006579537Z [inf]  Selecting previously unselected package node-cjs-module-lexer.

2026-03-14T15:39:14.007948082Z [inf]  Preparing to unpack .../058-node-cjs-module-lexer_1.2.2+dfsg-5_all.deb ...

2026-03-14T15:39:14.01019002Z [inf]  Unpacking node-cjs-module-lexer (1.2.2+dfsg-5) ...

2026-03-14T15:39:14.028986634Z [inf]  Selecting previously unselected package node-busboy.

2026-03-14T15:39:14.030905932Z [inf]  Preparing to unpack .../059-node-busboy_1.6.0+~cs2.6.0-2_all.deb ...

2026-03-14T15:39:14.032553498Z [inf]  Unpacking node-busboy (1.6.0+~cs2.6.0-2) ...

2026-03-14T15:39:14.050940671Z [inf]  Selecting previously unselected package node-undici.

2026-03-14T15:39:14.052244061Z [inf]  Preparing to unpack .../060-node-undici_5.15.0+dfsg1+~cs20.10.9.3-1+deb12u4_all.deb ...

2026-03-14T15:39:14.057721944Z [inf]  Unpacking node-undici (5.15.0+dfsg1+~cs20.10.9.3-1+deb12u4) ...

2026-03-14T15:39:14.097617643Z [inf]  Selecting previously unselected package libnode108:amd64.

2026-03-14T15:39:14.099625235Z [inf]  Preparing to unpack .../061-libnode108_18.20.4+dfsg-1~deb12u1_amd64.deb ...

2026-03-14T15:39:14.101863825Z [inf]  Unpacking libnode108:amd64 (18.20.4+dfsg-1~deb12u1) ...

2026-03-14T15:39:14.249785716Z [inf]  Selecting previously unselected package libllvm15:amd64.

2026-03-14T15:39:14.251370933Z [inf]  Preparing to unpack .../137-libllvm15_1%3a15.0.6-4+b1_amd64.deb ...

2026-03-14T15:39:14.252738637Z [inf]  Unpacking libllvm15:amd64 (1:15.0.6-4+b1) ...

2026-03-14T15:39:14.629531223Z [inf]  Selecting previously unselected package libnode-dev.

2026-03-14T15:39:14.630957812Z [inf]  Preparing to unpack .../062-libnode-dev_18.20.4+dfsg-1~deb12u1_amd64.deb ...

2026-03-14T15:39:14.632571754Z [inf]  Unpacking libnode-dev (18.20.4+dfsg-1~deb12u1) ...

2026-03-14T15:39:14.689479777Z [inf]  Selecting previously unselected package libpkgconf3:amd64.

2026-03-14T15:39:14.691186753Z [inf]  Preparing to unpack .../063-libpkgconf3_1.8.1-1_amd64.deb ...

2026-03-14T15:39:14.692622404Z [inf]  Unpacking libpkgconf3:amd64 (1.8.1-1) ...

2026-03-14T15:39:14.711359965Z [inf]  Selecting previously unselected package node-abbrev.

2026-03-14T15:39:14.713035663Z [inf]  Preparing to unpack .../064-node-abbrev_1.1.1+~1.1.2-1_all.deb ...

2026-03-14T15:39:14.714575653Z [inf]  Unpacking node-abbrev (1.1.1+~1.1.2-1) ...

2026-03-14T15:39:14.72923407Z [inf]  Selecting previously unselected package node-ms.

2026-03-14T15:39:14.730820721Z [inf]  Preparing to unpack .../065-node-ms_2.1.3+~cs0.7.31-3_all.deb ...

2026-03-14T15:39:14.73217519Z [inf]  Unpacking node-ms (2.1.3+~cs0.7.31-3) ...

2026-03-14T15:39:14.746456516Z [inf]  Selecting previously unselected package node-debug.

2026-03-14T15:39:14.747826542Z [inf]  Preparing to unpack .../066-node-debug_4.3.4+~cs4.1.7-1_all.deb ...

2026-03-14T15:39:14.749370883Z [inf]  Unpacking node-debug (4.3.4+~cs4.1.7-1) ...

2026-03-14T15:39:14.766133181Z [inf]  Selecting previously unselected package node-yallist.

2026-03-14T15:39:14.767991812Z [inf]  Preparing to unpack .../067-node-yallist_4.0.0+~4.0.1-1_all.deb ...

2026-03-14T15:39:14.769336563Z [inf]  Unpacking node-yallist (4.0.0+~4.0.1-1) ...

2026-03-14T15:39:14.783579351Z [inf]  Selecting previously unselected package node-lru-cache.

2026-03-14T15:39:14.784905299Z [inf]  Preparing to unpack .../068-node-lru-cache_7.14.1-1_all.deb ...

2026-03-14T15:39:14.786325948Z [inf]  Unpacking node-lru-cache (7.14.1-1) ...

2026-03-14T15:39:14.801342083Z [inf]  Selecting previously unselected package node-semver.

2026-03-14T15:39:14.802627887Z [inf]  Preparing to unpack .../069-node-semver_7.3.5+~7.3.9-2_all.deb ...

2026-03-14T15:39:14.803875495Z [inf]  Unpacking node-semver (7.3.5+~7.3.9-2) ...

2026-03-14T15:39:14.82712531Z [inf]  Selecting previously unselected package node-agent-base.

2026-03-14T15:39:14.828757005Z [inf]  Preparing to unpack .../070-node-agent-base_6.0.2+~cs5.4.2-2_all.deb ...

2026-03-14T15:39:14.830118107Z [inf]  Unpacking node-agent-base (6.0.2+~cs5.4.2-2) ...

2026-03-14T15:39:14.848095519Z [inf]  Selecting previously unselected package node-ansi-regex.

2026-03-14T15:39:14.849436677Z [inf]  Preparing to unpack .../071-node-ansi-regex_5.0.1-1_all.deb ...

2026-03-14T15:39:14.850711146Z [inf]  Unpacking node-ansi-regex (5.0.1-1) ...

2026-03-14T15:39:14.866396294Z [inf]  Selecting previously unselected package node-color-name.

2026-03-14T15:39:14.868229609Z [inf]  Preparing to unpack .../072-node-color-name_1.1.4+~1.1.1-2_all.deb ...

2026-03-14T15:39:14.869524605Z [inf]  Unpacking node-color-name (1.1.4+~1.1.1-2) ...

2026-03-14T15:39:14.884062086Z [inf]  Selecting previously unselected package node-color-convert.

2026-03-14T15:39:14.885566465Z [inf]  Preparing to unpack .../073-node-color-convert_2.0.1+~cs2.0.0-2_all.deb ...

2026-03-14T15:39:14.886881127Z [inf]  Unpacking node-color-convert (2.0.1+~cs2.0.0-2) ...

2026-03-14T15:39:14.984380868Z [inf]  Selecting previously unselected package node-ansi-styles.

2026-03-14T15:39:14.985998015Z [inf]  Preparing to unpack .../074-node-ansi-styles_6.2.1-2_all.deb ...

2026-03-14T15:39:14.991218234Z [inf]  Unpacking node-ansi-styles (6.2.1-2) ...

2026-03-14T15:39:15.007981857Z [inf]  Selecting previously unselected package node-aproba.

2026-03-14T15:39:15.009553825Z [inf]  Preparing to unpack .../075-node-aproba_2.0.0-3_all.deb ...

2026-03-14T15:39:15.010960904Z [inf]  Unpacking node-aproba (2.0.0-3) ...

2026-03-14T15:39:15.024809289Z [inf]  Selecting previously unselected package node-delegates.

2026-03-14T15:39:15.02617386Z [inf]  Preparing to unpack .../076-node-delegates_1.0.0-3_all.deb ...

2026-03-14T15:39:15.027472589Z [inf]  Unpacking node-delegates (1.0.0-3) ...

2026-03-14T15:39:15.041123122Z [inf]  Selecting previously unselected package node-inherits.

2026-03-14T15:39:15.041960534Z [inf]  Selecting previously unselected package libsensors-config.

2026-03-14T15:39:15.042464097Z [inf]  Preparing to unpack .../077-node-inherits_2.0.4-6_all.deb ...

2026-03-14T15:39:15.043614226Z [inf]  Preparing to unpack .../138-libsensors-config_1%3a3.6.0-7.1_all.deb ...

2026-03-14T15:39:15.044106545Z [inf]  Unpacking node-inherits (2.0.4-6) ...

2026-03-14T15:39:15.044776311Z [inf]  Unpacking libsensors-config (1:3.6.0-7.1) ...

2026-03-14T15:39:15.058708264Z [inf]  Selecting previously unselected package node-core-util-is.

2026-03-14T15:39:15.060325774Z [inf]  Preparing to unpack .../078-node-core-util-is_1.0.3-1_all.deb ...

2026-03-14T15:39:15.062231849Z [inf]  Unpacking node-core-util-is (1.0.3-1) ...

2026-03-14T15:39:15.062844897Z [inf]  Selecting previously unselected package libsensors5:amd64.

2026-03-14T15:39:15.064624376Z [inf]  Preparing to unpack .../139-libsensors5_1%3a3.6.0-7.1_amd64.deb ...

2026-03-14T15:39:15.068697174Z [inf]  Unpacking libsensors5:amd64 (1:3.6.0-7.1) ...

2026-03-14T15:39:15.076136908Z [inf]  Selecting previously unselected package node-safe-buffer.

2026-03-14T15:39:15.077437871Z [inf]  Preparing to unpack .../079-node-safe-buffer_5.2.1+~cs2.1.2-3_all.deb ...

2026-03-14T15:39:15.078789019Z [inf]  Unpacking node-safe-buffer (5.2.1+~cs2.1.2-3) ...

2026-03-14T15:39:15.087844727Z [inf]  Selecting previously unselected package libgl1-mesa-dri:amd64.

2026-03-14T15:39:15.089413532Z [inf]  Preparing to unpack .../140-libgl1-mesa-dri_22.3.6-1+deb12u1_amd64.deb ...

2026-03-14T15:39:15.094487737Z [inf]  Unpacking libgl1-mesa-dri:amd64 (22.3.6-1+deb12u1) ...

2026-03-14T15:39:15.095005711Z [inf]  Selecting previously unselected package node-string-decoder.

2026-03-14T15:39:15.096673992Z [inf]  Preparing to unpack .../080-node-string-decoder_1.3.0-6_all.deb ...

2026-03-14T15:39:15.098319632Z [inf]  Unpacking node-string-decoder (1.3.0-6) ...

2026-03-14T15:39:15.112877657Z [inf]  Selecting previously unselected package node-process-nextick-args.

2026-03-14T15:39:15.114143679Z [inf]  Preparing to unpack .../081-node-process-nextick-args_2.0.1-3_all.deb ...

2026-03-14T15:39:15.115386696Z [inf]  Unpacking node-process-nextick-args (2.0.1-3) ...

2026-03-14T15:39:15.128648185Z [inf]  Selecting previously unselected package node-util-deprecate.

2026-03-14T15:39:15.129915065Z [inf]  Preparing to unpack .../082-node-util-deprecate_1.0.2-3_all.deb ...

2026-03-14T15:39:15.131183884Z [inf]  Unpacking node-util-deprecate (1.0.2-3) ...

2026-03-14T15:39:15.144129018Z [inf]  Selecting previously unselected package node-isarray.

2026-03-14T15:39:15.145415228Z [inf]  Preparing to unpack .../083-node-isarray_2.0.5-4_all.deb ...

2026-03-14T15:39:15.146672711Z [inf]  Unpacking node-isarray (2.0.5-4) ...

2026-03-14T15:39:15.168458467Z [inf]  Selecting previously unselected package node-readable-stream.

2026-03-14T15:39:15.169701026Z [inf]  Preparing to unpack .../084-node-readable-stream_3.6.0+~cs3.0.0-4_all.deb ...

2026-03-14T15:39:15.17104252Z [inf]  Unpacking node-readable-stream (3.6.0+~cs3.0.0-4) ...

2026-03-14T15:39:15.188228919Z [inf]  Selecting previously unselected package node-are-we-there-yet.

2026-03-14T15:39:15.189469447Z [inf]  Preparing to unpack .../085-node-are-we-there-yet_3.0.1+~1.1.0-1_all.deb ...

2026-03-14T15:39:15.190757052Z [inf]  Unpacking node-are-we-there-yet (3.0.1+~1.1.0-1) ...

2026-03-14T15:39:15.20736183Z [inf]  Selecting previously unselected package node-balanced-match.

2026-03-14T15:39:15.208903256Z [inf]  Preparing to unpack .../086-node-balanced-match_2.0.0-1_all.deb ...

2026-03-14T15:39:15.210459847Z [inf]  Unpacking node-balanced-match (2.0.0-1) ...

2026-03-14T15:39:15.225958172Z [inf]  Selecting previously unselected package node-brace-expansion.

2026-03-14T15:39:15.22732936Z [inf]  Preparing to unpack .../087-node-brace-expansion_2.0.1-2_all.deb ...

2026-03-14T15:39:15.228498315Z [inf]  Unpacking node-brace-expansion (2.0.1-2) ...

2026-03-14T15:39:15.243298851Z [inf]  Selecting previously unselected package node-chownr.

2026-03-14T15:39:15.245000412Z [inf]  Preparing to unpack .../088-node-chownr_2.0.0-2_all.deb ...

2026-03-14T15:39:15.246539245Z [inf]  Unpacking node-chownr (2.0.0-2) ...

2026-03-14T15:39:15.263541161Z [inf]  Selecting previously unselected package node-clone.

2026-03-14T15:39:15.265141971Z [inf]  Preparing to unpack .../089-node-clone_2.1.2-4_all.deb ...

2026-03-14T15:39:15.266600242Z [inf]  Unpacking node-clone (2.1.2-4) ...

2026-03-14T15:39:15.284580254Z [inf]  Selecting previously unselected package node-console-control-strings.

2026-03-14T15:39:15.286127429Z [inf]  Preparing to unpack .../090-node-console-control-strings_1.1.0-3_all.deb ...

2026-03-14T15:39:15.287909747Z [inf]  Unpacking node-console-control-strings (1.1.0-3) ...

2026-03-14T15:39:15.304013901Z [inf]  Selecting previously unselected package node-data-uri-to-buffer.

2026-03-14T15:39:15.305454419Z [inf]  Preparing to unpack .../091-node-data-uri-to-buffer_4.0.0-3_all.deb ...

2026-03-14T15:39:15.306860042Z [inf]  Unpacking node-data-uri-to-buffer (4.0.0-3) ...

2026-03-14T15:39:15.324718231Z [inf]  Selecting previously unselected package node-defaults.

2026-03-14T15:39:15.326341349Z [inf]  Preparing to unpack .../092-node-defaults_1.0.4+~1.0.3-1_all.deb ...

2026-03-14T15:39:15.327771337Z [inf]  Unpacking node-defaults (1.0.4+~1.0.3-1) ...

2026-03-14T15:39:15.346033461Z [inf]  Selecting previously unselected package node-iconv-lite.

2026-03-14T15:39:15.348125237Z [inf]  Preparing to unpack .../093-node-iconv-lite_0.6.3-3_all.deb ...

2026-03-14T15:39:15.349717544Z [inf]  Unpacking node-iconv-lite (0.6.3-3) ...

2026-03-14T15:39:15.378340434Z [inf]  Selecting previously unselected package node-encoding.

2026-03-14T15:39:15.380317932Z [inf]  Preparing to unpack .../094-node-encoding_0.1.13-2_all.deb ...

2026-03-14T15:39:15.381756072Z [inf]  Unpacking node-encoding (0.1.13-2) ...

2026-03-14T15:39:15.397763394Z [inf]  Selecting previously unselected package node-events.

2026-03-14T15:39:15.399262105Z [inf]  Preparing to unpack .../095-node-events_3.3.0+~3.0.0-3_all.deb ...

2026-03-14T15:39:15.400556921Z [inf]  Unpacking node-events (3.3.0+~3.0.0-3) ...

2026-03-14T15:39:15.414935702Z [inf]  Selecting previously unselected package node-time-stamp.

2026-03-14T15:39:15.416295101Z [inf]  Preparing to unpack .../096-node-time-stamp_2.2.0-2_all.deb ...

2026-03-14T15:39:15.417676108Z [inf]  Unpacking node-time-stamp (2.2.0-2) ...

2026-03-14T15:39:15.432062216Z [inf]  Selecting previously unselected package node-fancy-log.

2026-03-14T15:39:15.43360486Z [inf]  Preparing to unpack .../097-node-fancy-log_1.3.3+~cs1.3.1-2_all.deb ...

2026-03-14T15:39:15.434884515Z [inf]  Unpacking node-fancy-log (1.3.3+~cs1.3.1-2) ...

2026-03-14T15:39:15.451302891Z [inf]  Selecting previously unselected package node-fetch.

2026-03-14T15:39:15.453205959Z [inf]  Preparing to unpack .../098-node-fetch_3.3.0+~cs11.4.11-2_all.deb ...

2026-03-14T15:39:15.454344828Z [inf]  Unpacking node-fetch (3.3.0+~cs11.4.11-2) ...

2026-03-14T15:39:15.515161998Z [inf]  Selecting previously unselected package node-fs.realpath.

2026-03-14T15:39:15.517316971Z [inf]  Preparing to unpack .../099-node-fs.realpath_1.0.0-3_all.deb ...

2026-03-14T15:39:15.518571175Z [inf]  Unpacking node-fs.realpath (1.0.0-3) ...

2026-03-14T15:39:15.535478241Z [inf]  Selecting previously unselected package node-has-unicode.

2026-03-14T15:39:15.536933846Z [inf]  Preparing to unpack .../100-node-has-unicode_2.0.1-5_all.deb ...

2026-03-14T15:39:15.538357288Z [inf]  Unpacking node-has-unicode (2.0.1-5) ...

2026-03-14T15:39:15.554180924Z [inf]  Selecting previously unselected package node-signal-exit.

2026-03-14T15:39:15.555866333Z [inf]  Preparing to unpack .../101-node-signal-exit_3.0.7+~3.0.1-1_all.deb ...

2026-03-14T15:39:15.557222823Z [inf]  Unpacking node-signal-exit (3.0.7+~3.0.1-1) ...

2026-03-14T15:39:15.572897283Z [inf]  Selecting previously unselected package node-slice-ansi.

2026-03-14T15:39:15.574416713Z [inf]  Preparing to unpack .../102-node-slice-ansi_5.0.0+~cs9.0.0-5_all.deb ...

2026-03-14T15:39:15.575685346Z [inf]  Unpacking node-slice-ansi (5.0.0+~cs9.0.0-5) ...

2026-03-14T15:39:15.590610462Z [inf]  Selecting previously unselected package node-strip-ansi.

2026-03-14T15:39:15.592148066Z [inf]  Preparing to unpack .../103-node-strip-ansi_6.0.1-2_all.deb ...

2026-03-14T15:39:15.59371645Z [inf]  Unpacking node-strip-ansi (6.0.1-2) ...

2026-03-14T15:39:15.607681238Z [inf]  Selecting previously unselected package node-wcwidth.js.

2026-03-14T15:39:15.609243361Z [inf]  Preparing to unpack .../104-node-wcwidth.js_1.0.2-2_all.deb ...

2026-03-14T15:39:15.610483153Z [inf]  Unpacking node-wcwidth.js (1.0.2-2) ...

2026-03-14T15:39:15.618883265Z [inf]  Selecting previously unselected package libglx-mesa0:amd64.

2026-03-14T15:39:15.62076441Z [inf]  Preparing to unpack .../141-libglx-mesa0_22.3.6-1+deb12u1_amd64.deb ...

2026-03-14T15:39:15.622438651Z [inf]  Unpacking libglx-mesa0:amd64 (22.3.6-1+deb12u1) ...

2026-03-14T15:39:15.62903074Z [inf]  Selecting previously unselected package node-string-width.

2026-03-14T15:39:15.630525256Z [inf]  Preparing to unpack .../105-node-string-width_4.2.3+~cs13.2.3-1_all.deb ...

2026-03-14T15:39:15.632058195Z [inf]  Unpacking node-string-width (4.2.3+~cs13.2.3-1) ...

2026-03-14T15:39:15.651192517Z [inf]  Selecting previously unselected package node-wide-align.

2026-03-14T15:39:15.652477506Z [inf]  Selecting previously unselected package libglx0:amd64.

2026-03-14T15:39:15.65253937Z [inf]  Preparing to unpack .../106-node-wide-align_1.1.3-4_all.deb ...

2026-03-14T15:39:15.653809056Z [inf]  Unpacking node-wide-align (1.1.3-4) ...

2026-03-14T15:39:15.654089588Z [inf]  Preparing to unpack .../142-libglx0_1.6.0-1_amd64.deb ...

2026-03-14T15:39:15.65543182Z [inf]  Unpacking libglx0:amd64 (1.6.0-1) ...

2026-03-14T15:39:15.671274584Z [inf]  Selecting previously unselected package node-gauge.

2026-03-14T15:39:15.673155988Z [inf]  Preparing to unpack .../107-node-gauge_4.0.4-1_all.deb ...

2026-03-14T15:39:15.674780646Z [inf]  Unpacking node-gauge (4.0.4-1) ...

2026-03-14T15:39:15.678567367Z [inf]  Selecting previously unselected package libgl1:amd64.

2026-03-14T15:39:15.68020655Z [inf]  Preparing to unpack .../143-libgl1_1.6.0-1_amd64.deb ...

2026-03-14T15:39:15.681840012Z [inf]  Unpacking libgl1:amd64 (1.6.0-1) ...

2026-03-14T15:39:15.691670018Z [inf]  Selecting previously unselected package node-wrappy.

2026-03-14T15:39:15.693105935Z [inf]  Preparing to unpack .../108-node-wrappy_1.0.2-3_all.deb ...

2026-03-14T15:39:15.694739984Z [inf]  Unpacking node-wrappy (1.0.2-3) ...

2026-03-14T15:39:15.710241455Z [inf]  Selecting previously unselected package x11-common.

2026-03-14T15:39:15.712132508Z [inf]  Preparing to unpack .../144-x11-common_1%3a7.7+23_all.deb ...

2026-03-14T15:39:15.714397216Z [inf]  Unpacking x11-common (1:7.7+23) ...

2026-03-14T15:39:15.715523048Z [inf]  Selecting previously unselected package node-once.

2026-03-14T15:39:15.717663588Z [inf]  Preparing to unpack .../109-node-once_1.4.0-7_all.deb ...

2026-03-14T15:39:15.719612173Z [inf]  Unpacking node-once (1.4.0-7) ...

2026-03-14T15:39:15.738688842Z [inf]  Selecting previously unselected package node-inflight.

2026-03-14T15:39:15.74051895Z [inf]  Preparing to unpack .../110-node-inflight_1.0.6-2_all.deb ...

2026-03-14T15:39:15.742593118Z [inf]  Unpacking node-inflight (1.0.6-2) ...

2026-03-14T15:39:15.749153588Z [inf]  Selecting previously unselected package libice6:amd64.

2026-03-14T15:39:15.750967803Z [inf]  Preparing to unpack .../145-libice6_2%3a1.0.10-1_amd64.deb ...

2026-03-14T15:39:15.753012235Z [inf]  Unpacking libice6:amd64 (2:1.0.10-1) ...

2026-03-14T15:39:15.763771351Z [inf]  Selecting previously unselected package node-minimatch.

2026-03-14T15:39:15.766218508Z [inf]  Preparing to unpack .../111-node-minimatch_5.1.1+~5.1.2-1_all.deb ...

2026-03-14T15:39:15.768082283Z [inf]  Unpacking node-minimatch (5.1.1+~5.1.2-1) ...

2026-03-14T15:39:15.784667725Z [inf]  Selecting previously unselected package libsm6:amd64.

2026-03-14T15:39:15.786684778Z [inf]  Preparing to unpack .../146-libsm6_2%3a1.2.3-1_amd64.deb ...

2026-03-14T15:39:15.7889826Z [inf]  Unpacking libsm6:amd64 (2:1.2.3-1) ...

2026-03-14T15:39:15.792855103Z [inf]  Selecting previously unselected package node-glob.

2026-03-14T15:39:15.794719382Z [inf]  Preparing to unpack .../112-node-glob_8.0.3+~cs8.4.15-1_all.deb ...

2026-03-14T15:39:15.7970395Z [inf]  Unpacking node-glob (8.0.3+~cs8.4.15-1) ...

2026-03-14T15:39:15.814330609Z [inf]  Selecting previously unselected package libxt6:amd64.

2026-03-14T15:39:15.816412774Z [inf]  Preparing to unpack .../147-libxt6_1%3a1.2.1-1.1_amd64.deb ...

2026-03-14T15:39:15.818090243Z [inf]  Unpacking libxt6:amd64 (1:1.2.1-1.1) ...

2026-03-14T15:39:15.82800681Z [inf]  Selecting previously unselected package node-graceful-fs.

2026-03-14T15:39:15.82977607Z [inf]  Preparing to unpack .../113-node-graceful-fs_4.2.10-1_all.deb ...

2026-03-14T15:39:15.831536601Z [inf]  Unpacking node-graceful-fs (4.2.10-1) ...

2026-03-14T15:39:15.854814583Z [inf]  Selecting previously unselected package node-https-proxy-agent.

2026-03-14T15:39:15.856196158Z [inf]  Selecting previously unselected package libxmu6:amd64.

2026-03-14T15:39:15.857199254Z [inf]  Preparing to unpack .../114-node-https-proxy-agent_5.0.1+~cs8.0.0-3_all.deb ...

2026-03-14T15:39:15.858587951Z [inf]  Preparing to unpack .../148-libxmu6_2%3a1.1.3-3_amd64.deb ...

2026-03-14T15:39:15.859521355Z [inf]  Unpacking node-https-proxy-agent (5.0.1+~cs8.0.0-3) ...

2026-03-14T15:39:15.860562996Z [inf]  Unpacking libxmu6:amd64 (2:1.1.3-3) ...

2026-03-14T15:39:15.887238834Z [inf]  Selecting previously unselected package node-mkdirp.

2026-03-14T15:39:15.889254242Z [inf]  Preparing to unpack .../115-node-mkdirp_1.0.4+~1.0.2-4_all.deb ...

2026-03-14T15:39:15.889439036Z [inf]  Selecting previously unselected package libxpm4:amd64.

2026-03-14T15:39:15.891028177Z [inf]  Unpacking node-mkdirp (1.0.4+~1.0.2-4) ...

2026-03-14T15:39:15.891459598Z [inf]  Preparing to unpack .../149-libxpm4_1%3a3.5.12-1.1+deb12u1_amd64.deb ...

2026-03-14T15:39:15.893224735Z [inf]  Unpacking libxpm4:amd64 (1:3.5.12-1.1+deb12u1) ...

2026-03-14T15:39:15.912022866Z [inf]  Selecting previously unselected package node-nopt.

2026-03-14T15:39:15.913523837Z [inf]  Preparing to unpack .../116-node-nopt_5.0.0-4_all.deb ...

2026-03-14T15:39:15.915419787Z [inf]  Unpacking node-nopt (5.0.0-4) ...

2026-03-14T15:39:15.918341091Z [inf]  Selecting previously unselected package libxaw7:amd64.

2026-03-14T15:39:15.920840424Z [inf]  Preparing to unpack .../150-libxaw7_2%3a1.0.14-1_amd64.deb ...

2026-03-14T15:39:15.922757314Z [inf]  Unpacking libxaw7:amd64 (2:1.0.14-1) ...

2026-03-14T15:39:15.934678584Z [inf]  Selecting previously unselected package node-set-blocking.

2026-03-14T15:39:15.936673803Z [inf]  Preparing to unpack .../117-node-set-blocking_2.0.0-2_all.deb ...

2026-03-14T15:39:15.938129602Z [inf]  Unpacking node-set-blocking (2.0.0-2) ...

2026-03-14T15:39:15.957550367Z [inf]  Selecting previously unselected package node-npmlog.

2026-03-14T15:39:15.958460821Z [inf]  Selecting previously unselected package libxcb-shape0:amd64.

2026-03-14T15:39:15.959113004Z [inf]  Preparing to unpack .../118-node-npmlog_7.0.1+~4.1.4-1_all.deb ...

2026-03-14T15:39:15.960491795Z [inf]  Preparing to unpack .../151-libxcb-shape0_1.15-1_amd64.deb ...

2026-03-14T15:39:15.960848Z [inf]  Unpacking node-npmlog (7.0.1+~4.1.4-1) ...

2026-03-14T15:39:15.962037603Z [inf]  Unpacking libxcb-shape0:amd64 (1.15-1) ...

2026-03-14T15:39:15.978259468Z [inf]  Selecting previously unselected package node-osenv.

2026-03-14T15:39:15.980337283Z [inf]  Preparing to unpack .../119-node-osenv_0.1.5+~0.1.1-1_all.deb ...

2026-03-14T15:39:15.9823354Z [inf]  Unpacking node-osenv (0.1.5+~0.1.1-1) ...

2026-03-14T15:39:15.988351635Z [inf]  Selecting previously unselected package libxft2:amd64.

2026-03-14T15:39:15.990490735Z [inf]  Preparing to unpack .../152-libxft2_2.3.6-1_amd64.deb ...

2026-03-14T15:39:15.99285636Z [inf]  Unpacking libxft2:amd64 (2.3.6-1) ...

2026-03-14T15:39:16.00076391Z [inf]  Selecting previously unselected package node-rimraf.

2026-03-14T15:39:16.002713029Z [inf]  Preparing to unpack .../120-node-rimraf_3.0.2-2_all.deb ...

2026-03-14T15:39:16.005464935Z [inf]  Unpacking node-rimraf (3.0.2-2) ...

2026-03-14T15:39:16.016946901Z [inf]  Selecting previously unselected package libxkbfile1:amd64.

2026-03-14T15:39:16.018582164Z [inf]  Preparing to unpack .../153-libxkbfile1_1%3a1.1.0-1_amd64.deb ...

2026-03-14T15:39:16.020141977Z [inf]  Unpacking libxkbfile1:amd64 (1:1.1.0-1) ...

2026-03-14T15:39:16.02586649Z [inf]  Selecting previously unselected package node-jsonparse.

2026-03-14T15:39:16.027497157Z [inf]  Preparing to unpack .../121-node-jsonparse_1.3.1-10_all.deb ...

2026-03-14T15:39:16.02906783Z [inf]  Unpacking node-jsonparse (1.3.1-10) ...

2026-03-14T15:39:16.04600564Z [inf]  Selecting previously unselected package libxmuu1:amd64.

2026-03-14T15:39:16.046898887Z [inf]  Selecting previously unselected package node-minipass.

2026-03-14T15:39:16.047851232Z [inf]  Preparing to unpack .../154-libxmuu1_2%3a1.1.3-3_amd64.deb ...

2026-03-14T15:39:16.04835373Z [inf]  Preparing to unpack .../122-node-minipass_3.3.6+~cs9.4.19-1+deb12u1_all.deb ...

2026-03-14T15:39:16.050056705Z [inf]  Unpacking libxmuu1:amd64 (2:1.1.3-3) ...

2026-03-14T15:39:16.050370562Z [inf]  Unpacking node-minipass (3.3.6+~cs9.4.19-1+deb12u1) ...

2026-03-14T15:39:16.06945038Z [inf]  Selecting previously unselected package libxtst6:amd64.

2026-03-14T15:39:16.071631615Z [inf]  Preparing to unpack .../155-libxtst6_2%3a1.2.3-1.1_amd64.deb ...

2026-03-14T15:39:16.074561565Z [inf]  Selecting previously unselected package node-tar.

2026-03-14T15:39:16.075008752Z [inf]  Unpacking libxtst6:amd64 (2:1.2.3-1.1) ...

2026-03-14T15:39:16.076068895Z [inf]  Preparing to unpack .../123-node-tar_6.1.13+~cs7.0.5-1_all.deb ...

2026-03-14T15:39:16.077770469Z [inf]  Unpacking node-tar (6.1.13+~cs7.0.5-1) ...

2026-03-14T15:39:16.094956717Z [inf]  Selecting previously unselected package libxv1:amd64.

2026-03-14T15:39:16.096684076Z [inf]  Preparing to unpack .../156-libxv1_2%3a1.0.11-1.1_amd64.deb ...

2026-03-14T15:39:16.098587059Z [inf]  Unpacking libxv1:amd64 (2:1.0.11-1.1) ...

2026-03-14T15:39:16.102722822Z [inf]  Selecting previously unselected package node-isexe.

2026-03-14T15:39:16.104844047Z [inf]  Preparing to unpack .../124-node-isexe_2.0.0+~2.0.1-5_all.deb ...

2026-03-14T15:39:16.106335696Z [inf]  Unpacking node-isexe (2.0.0+~2.0.1-5) ...

2026-03-14T15:39:16.119096267Z [inf]  Selecting previously unselected package libxxf86dga1:amd64.

2026-03-14T15:39:16.121112951Z [inf]  Preparing to unpack .../157-libxxf86dga1_2%3a1.1.5-1_amd64.deb ...

2026-03-14T15:39:16.122744443Z [inf]  Unpacking libxxf86dga1:amd64 (2:1.1.5-1) ...

2026-03-14T15:39:16.127172355Z [inf]  Selecting previously unselected package node-which.

2026-03-14T15:39:16.129767706Z [inf]  Preparing to unpack .../125-node-which_2.0.2+~cs1.3.2-3_all.deb ...

2026-03-14T15:39:16.131862087Z [inf]  Unpacking node-which (2.0.2+~cs1.3.2-3) ...

2026-03-14T15:39:16.145700392Z [inf]  Selecting previously unselected package x11-utils.

2026-03-14T15:39:16.148046162Z [inf]  Preparing to unpack .../158-x11-utils_7.7+5_amd64.deb ...

2026-03-14T15:39:16.152360645Z [inf]  Unpacking x11-utils (7.7+5) ...

2026-03-14T15:39:16.154980367Z [inf]  Selecting previously unselected package node-gyp.

2026-03-14T15:39:16.157667731Z [inf]  Preparing to unpack .../126-node-gyp_9.3.0-2_all.deb ...

2026-03-14T15:39:16.159551386Z [inf]  Unpacking node-gyp (9.3.0-2) ...

2026-03-14T15:39:16.183376052Z [inf]  Selecting previously unselected package pkgconf-bin.

2026-03-14T15:39:16.18518594Z [inf]  Preparing to unpack .../127-pkgconf-bin_1.8.1-1_amd64.deb ...

2026-03-14T15:39:16.187002343Z [inf]  Unpacking pkgconf-bin (1.8.1-1) ...

2026-03-14T15:39:16.192372393Z [inf]  Selecting previously unselected package xdg-utils.

2026-03-14T15:39:16.194372072Z [inf]  Preparing to unpack .../159-xdg-utils_1.1.3-4.1_all.deb ...

2026-03-14T15:39:16.196567027Z [inf]  Unpacking xdg-utils (1.1.3-4.1) ...

2026-03-14T15:39:16.336668344Z [inf]  Selecting previously unselected package pkgconf:amd64.

2026-03-14T15:39:16.338583866Z [inf]  Preparing to unpack .../128-pkgconf_1.8.1-1_amd64.deb ...

2026-03-14T15:39:16.341055222Z [inf]  Selecting previously unselected package chromium-common.

2026-03-14T15:39:16.342710702Z [inf]  Unpacking pkgconf:amd64 (1.8.1-1) ...

2026-03-14T15:39:16.34339671Z [inf]  Preparing to unpack .../160-chromium-common_146.0.7680.71-1~deb12u1_amd64.deb ...

2026-03-14T15:39:16.345358276Z [inf]  Unpacking chromium-common (146.0.7680.71-1~deb12u1) ...

2026-03-14T15:39:16.369593598Z [inf]  Selecting previously unselected package pkg-config:amd64.

2026-03-14T15:39:16.371286505Z [inf]  Preparing to unpack .../129-pkg-config_1.8.1-1_amd64.deb ...

2026-03-14T15:39:16.374129653Z [inf]  Unpacking pkg-config:amd64 (1.8.1-1) ...

2026-03-14T15:39:16.39377614Z [inf]  Selecting previously unselected package python-is-python3.

2026-03-14T15:39:16.395668127Z [inf]  Preparing to unpack .../130-python-is-python3_3.11.2-1+deb12u1_all.deb ...

2026-03-14T15:39:16.397876916Z [inf]  Unpacking python-is-python3 (3.11.2-1+deb12u1) ...

2026-03-14T15:39:16.431997543Z [inf]  Setting up media-types (10.0.0) ...

2026-03-14T15:39:16.438670403Z [inf]  Setting up node-fs.realpath (1.0.0-3) ...

2026-03-14T15:39:16.443124331Z [inf]  Setting up libkeyutils1:amd64 (1.6.3-2) ...

2026-03-14T15:39:16.447281697Z [inf]  Setting up node-abbrev (1.1.1+~1.1.2-1) ...

2026-03-14T15:39:16.451216302Z [inf]  Setting up libicu72:amd64 (72.1-3+deb12u1) ...

2026-03-14T15:39:16.455779304Z [inf]  Setting up node-yallist (4.0.0+~4.0.1-1) ...

2026-03-14T15:39:16.460740665Z [inf]  Setting up libjs-inherits (2.0.4-6) ...

2026-03-14T15:39:16.464357427Z [inf]  Setting up node-ansi-regex (5.0.1-1) ...

2026-03-14T15:39:16.467957237Z [inf]  Setting up node-util-deprecate (1.0.2-3) ...

2026-03-14T15:39:16.477155238Z [inf]  Setting up node-delegates (1.0.0-3) ...

2026-03-14T15:39:16.481238635Z [inf]  Setting up libtirpc-common (1.3.3+ds-1) ...

2026-03-14T15:39:16.485916128Z [inf]  Setting up node-isexe (2.0.0+~2.0.1-5) ...

2026-03-14T15:39:16.489333779Z [inf]  Setting up libbrotli1:amd64 (1.0.9-2+b6) ...

2026-03-14T15:39:16.493538839Z [inf]  Setting up node-jsonparse (1.3.1-10) ...

2026-03-14T15:39:16.49705077Z [inf]  Setting up libsqlite3-0:amd64 (3.40.1-2+deb12u2) ...

2026-03-14T15:39:16.500819611Z [inf]  Setting up binutils-common:amd64 (2.40-2) ...

2026-03-14T15:39:16.505284519Z [inf]  Setting up libnghttp2-14:amd64 (1.52.0-1+deb12u2) ...

2026-03-14T15:39:16.508565803Z [inf]  Setting up linux-libc-dev:amd64 (6.1.164-1) ...

2026-03-14T15:39:16.511721251Z [inf]  Setting up libctf-nobfd0:amd64 (2.40-2) ...

2026-03-14T15:39:16.515140574Z [inf]  Setting up node-color-name (1.1.4+~1.1.1-2) ...

2026-03-14T15:39:16.518643678Z [inf]  Setting up node-cjs-module-lexer (1.2.2+dfsg-5) ...

2026-03-14T15:39:16.522160693Z [inf]  Setting up node-console-control-strings (1.1.0-3) ...

2026-03-14T15:39:16.526026459Z [inf]  Setting up libc-ares2:amd64 (1.18.1-3) ...

2026-03-14T15:39:16.529824316Z [inf]  Setting up libgomp1:amd64 (12.2.0-14+deb12u1) ...

2026-03-14T15:39:16.53328084Z [inf]  Setting up bzip2 (1.0.8-5+b1) ...

2026-03-14T15:39:16.536511283Z [inf]  Setting up libjansson4:amd64 (2.14-2) ...

2026-03-14T15:39:16.540403958Z [inf]  Setting up node-clone (2.1.2-4) ...

2026-03-14T15:39:16.544109822Z [inf]  Setting up libkrb5support0:amd64 (1.20.1-2+deb12u4) ...

2026-03-14T15:39:16.548108816Z [inf]  Setting up node-chownr (2.0.0-2) ...

2026-03-14T15:39:16.551404654Z [inf]  Setting up node-inherits (2.0.4-6) ...

2026-03-14T15:39:16.555167791Z [inf]  Setting up perl-modules-5.36 (5.36.0-7+deb12u3) ...

2026-03-14T15:39:16.559452356Z [inf]  Setting up node-safe-buffer (5.2.1+~cs2.1.2-3) ...

2026-03-14T15:39:16.563349548Z [inf]  Setting up libpkgconf3:amd64 (1.8.1-1) ...

2026-03-14T15:39:16.568533632Z [inf]  Setting up libuv1:amd64 (1.44.2-1+deb12u1) ...

2026-03-14T15:39:16.573087659Z [inf]  Setting up rpcsvc-proto (1.4.3-1) ...

2026-03-14T15:39:16.576921987Z [inf]  Setting up make (4.3-4.1) ...

2026-03-14T15:39:16.581030856Z [inf]  Setting up libmpfr6:amd64 (4.2.0-1) ...

2026-03-14T15:39:16.584996134Z [inf]  Setting up node-balanced-match (2.0.0-1) ...

2026-03-14T15:39:16.589025293Z [inf]  Setting up node-brace-expansion (2.0.1-2) ...

2026-03-14T15:39:16.592733006Z [inf]  Setting up xz-utils (5.4.1-1) ...

2026-03-14T15:39:16.598987013Z [inf]  update-alternatives: using /usr/bin/xz to provide /usr/bin/lzma (lzma) in auto mode

2026-03-14T15:39:16.599041746Z [inf]  update-alternatives: warning: skip creation of /usr/share/man/man1/lzma.1.gz because associated file /usr/share/man/man1/xz.1.gz (of link group lzma) doesn't exist

2026-03-14T15:39:16.599091046Z [inf]  update-alternatives: warning: skip creation of /usr/share/man/man1/unlzma.1.gz because associated file /usr/share/man/man1/unxz.1.gz (of link group lzma) doesn't exist

2026-03-14T15:39:16.599172417Z [inf]  update-alternatives: warning: skip creation of /usr/share/man/man1/lzcat.1.gz because associated file /usr/share/man/man1/xzcat.1.gz (of link group lzma) doesn't exist

2026-03-14T15:39:16.599263366Z [inf]  update-alternatives: warning: skip creation of /usr/share/man/man1/lzmore.1.gz because associated file /usr/share/man/man1/xzmore.1.gz (of link group lzma) doesn't exist

2026-03-14T15:39:16.599313739Z [inf]  update-alternatives: warning: skip creation of /usr/share/man/man1/lzless.1.gz because associated file /usr/share/man/man1/xzless.1.gz (of link group lzma) doesn't exist

2026-03-14T15:39:16.599435771Z [inf]  update-alternatives: warning: skip creation of /usr/share/man/man1/lzdiff.1.gz because associated file /usr/share/man/man1/xzdiff.1.gz (of link group lzma) doesn't exist

2026-03-14T15:39:16.599488401Z [inf]  update-alternatives: warning: skip creation of /usr/share/man/man1/lzcmp.1.gz because associated file /usr/share/man/man1/xzcmp.1.gz (of link group lzma) doesn't exist

2026-03-14T15:39:16.599568755Z [inf]  update-alternatives: warning: skip creation of /usr/share/man/man1/lzgrep.1.gz because associated file /usr/share/man/man1/xzgrep.1.gz (of link group lzma) doesn't exist

2026-03-14T15:39:16.599683636Z [inf]  update-alternatives: warning: skip creation of /usr/share/man/man1/lzegrep.1.gz because associated file /usr/share/man/man1/xzegrep.1.gz (of link group lzma) doesn't exist

2026-03-14T15:39:16.599804618Z [inf]  update-alternatives: warning: skip creation of /usr/share/man/man1/lzfgrep.1.gz because associated file /usr/share/man/man1/xzfgrep.1.gz (of link group lzma) doesn't exist

2026-03-14T15:39:16.602874508Z [inf]  Setting up libquadmath0:amd64 (12.2.0-14+deb12u1) ...
2026-03-14T15:39:16.602891011Z [inf]  

2026-03-14T15:39:16.607265884Z [inf]  Setting up node-set-blocking (2.0.0-2) ...

2026-03-14T15:39:16.611194867Z [inf]  Setting up libssl-dev:amd64 (3.0.18-1~deb12u2) ...

2026-03-14T15:39:16.615142174Z [inf]  Setting up libmpc3:amd64 (1.3.1-1) ...

2026-03-14T15:39:16.619792629Z [inf]  Setting up libatomic1:amd64 (12.2.0-14+deb12u1) ...

2026-03-14T15:39:16.623953561Z [inf]  Setting up patch (2.7.6-7) ...

2026-03-14T15:39:16.631615067Z [inf]  Setting up node-signal-exit (3.0.7+~3.0.1-1) ...

2026-03-14T15:39:16.636171099Z [inf]  Setting up pkgconf-bin (1.8.1-1) ...

2026-03-14T15:39:16.639499755Z [inf]  Setting up libncursesw6:amd64 (6.4-4) ...

2026-03-14T15:39:16.642486021Z [inf]  Setting up libk5crypto3:amd64 (1.20.1-2+deb12u4) ...

2026-03-14T15:39:16.645854547Z [inf]  Setting up node-wrappy (1.0.2-3) ...

2026-03-14T15:39:16.650416131Z [inf]  Setting up libubsan1:amd64 (12.2.0-14+deb12u1) ...

2026-03-14T15:39:16.654867228Z [inf]  Setting up node-defaults (1.0.4+~1.0.3-1) ...

2026-03-14T15:39:16.659102809Z [inf]  Setting up node-graceful-fs (4.2.10-1) ...

2026-03-14T15:39:16.664352087Z [inf]  Setting up libcrypt-dev:amd64 (1:4.4.33-2) ...

2026-03-14T15:39:16.674972295Z [inf]  Setting up libasan8:amd64 (12.2.0-14+deb12u1) ...

2026-03-14T15:39:16.679174129Z [inf]  Setting up node-aproba (2.0.0-3) ...

2026-03-14T15:39:16.684068498Z [inf]  Setting up node-string-decoder (1.3.0-6) ...

2026-03-14T15:39:16.688507431Z [inf]  Setting up node-time-stamp (2.2.0-2) ...

2026-03-14T15:39:16.692942223Z [inf]  Setting up libjs-events (3.3.0+~3.0.0-3) ...

2026-03-14T15:39:16.698292505Z [inf]  Setting up libkrb5-3:amd64 (1.20.1-2+deb12u4) ...

2026-03-14T15:39:16.702449902Z [inf]  Setting up node-core-util-is (1.0.3-1) ...

2026-03-14T15:39:16.706639826Z [inf]  Setting up node-minimatch (5.1.1+~5.1.2-1) ...

2026-03-14T15:39:16.710714567Z [inf]  Setting up libtsan2:amd64 (12.2.0-14+deb12u1) ...

2026-03-14T15:39:16.715001992Z [inf]  Setting up libbinutils:amd64 (2.40-2) ...

2026-03-14T15:39:16.719800126Z [inf]  Setting up node-xtend (4.0.2-3) ...

2026-03-14T15:39:16.723860151Z [inf]  Setting up libisl23:amd64 (0.25-1.1) ...

2026-03-14T15:39:16.727851548Z [inf]  Setting up libc-dev-bin (2.36-9+deb12u13) ...

2026-03-14T15:39:16.731643793Z [inf]  Setting up readline-common (8.2-1.3) ...

2026-03-14T15:39:16.738628259Z [inf]  Setting up node-color-convert (2.0.1+~cs2.0.0-2) ...

2026-03-14T15:39:16.742265273Z [inf]  Setting up libcc1-0:amd64 (12.2.0-14+deb12u1) ...

2026-03-14T15:39:16.745940334Z [inf]  Setting up node-data-uri-to-buffer (4.0.0-3) ...

2026-03-14T15:39:16.749934858Z [inf]  Setting up liblsan0:amd64 (12.2.0-14+deb12u1) ...

2026-03-14T15:39:16.753708204Z [inf]  Setting up libitm1:amd64 (12.2.0-14+deb12u1) ...

2026-03-14T15:39:16.757910108Z [inf]  Setting up node-isarray (2.0.5-4) ...

2026-03-14T15:39:16.762198573Z [inf]  Setting up node-osenv (0.1.5+~0.1.1-1) ...

2026-03-14T15:39:16.765973959Z [inf]  Setting up libgdbm6:amd64 (1.23-3) ...

2026-03-14T15:39:16.770149848Z [inf]  Setting up node-process-nextick-args (2.0.1-3) ...

2026-03-14T15:39:16.774054369Z [inf]  Setting up node-has-unicode (2.0.1-5) ...

2026-03-14T15:39:16.778020588Z [inf]  Setting up node-busboy (1.6.0+~cs2.6.0-2) ...

2026-03-14T15:39:16.781467559Z [inf]  Setting up libctf0:amd64 (2.40-2) ...

2026-03-14T15:39:16.785366393Z [inf]  Setting up libuv1-dev:amd64 (1.44.2-1+deb12u1) ...

2026-03-14T15:39:16.789557615Z [inf]  Setting up node-readable-stream (3.6.0+~cs3.0.0-4) ...

2026-03-14T15:39:16.803641612Z [inf]  Setting up node-lru-cache (7.14.1-1) ...

2026-03-14T15:39:16.807737928Z [inf]  Setting up cpp-12 (12.2.0-14+deb12u1) ...

2026-03-14T15:39:16.812538042Z [inf]  Setting up node-once (1.4.0-7) ...

2026-03-14T15:39:16.817428786Z [inf]  Setting up libreadline8:amd64 (8.2-1.3) ...

2026-03-14T15:39:16.822109887Z [inf]  Setting up node-are-we-there-yet (3.0.1+~1.1.0-1) ...

2026-03-14T15:39:16.826340298Z [inf]  Setting up node-events (3.3.0+~3.0.0-3) ...

2026-03-14T15:39:16.831224933Z [inf]  Setting up node-fancy-log (1.3.3+~cs1.3.1-2) ...

2026-03-14T15:39:16.835713958Z [inf]  Setting up pkgconf:amd64 (1.8.1-1) ...

2026-03-14T15:39:16.839438255Z [inf]  Setting up node-wcwidth.js (1.0.2-2) ...

2026-03-14T15:39:16.843890371Z [inf]  Setting up node-fetch (3.3.0+~cs11.4.11-2) ...

2026-03-14T15:39:16.848360838Z [inf]  Setting up node-iconv-lite (0.6.3-3) ...

2026-03-14T15:39:16.852399423Z [inf]  Setting up libgprofng0:amd64 (2.40-2) ...

2026-03-14T15:39:16.85691026Z [inf]  Setting up node-ansi-styles (6.2.1-2) ...

2026-03-14T15:39:16.862011498Z [inf]  Setting up libgcc-12-dev:amd64 (12.2.0-14+deb12u1) ...

2026-03-14T15:39:16.866076193Z [inf]  Setting up libgssapi-krb5-2:amd64 (1.20.1-2+deb12u4) ...

2026-03-14T15:39:16.871707062Z [inf]  Setting up pkg-config:amd64 (1.8.1-1) ...

2026-03-14T15:39:16.875812158Z [inf]  Setting up libgdbm-compat4:amd64 (1.23-3) ...

2026-03-14T15:39:16.879637786Z [inf]  Setting up node-undici (5.15.0+dfsg1+~cs20.10.9.3-1+deb12u4) ...

2026-03-14T15:39:16.888635855Z [inf]  Setting up node-inflight (1.0.6-2) ...

2026-03-14T15:39:16.893120858Z [inf]  Setting up cpp (4:12.2.0-3) ...

2026-03-14T15:39:16.900476893Z [inf]  Setting up node-encoding (0.1.13-2) ...

2026-03-14T15:39:16.904303698Z [inf]  Setting up libperl5.36:amd64 (5.36.0-7+deb12u3) ...

2026-03-14T15:39:16.907914585Z [inf]  Setting up node-slice-ansi (5.0.0+~cs9.0.0-5) ...

2026-03-14T15:39:16.91205608Z [inf]  Setting up binutils-x86-64-linux-gnu (2.40-2) ...

2026-03-14T15:39:16.91619758Z [inf]  Setting up libtirpc3:amd64 (1.3.3+ds-1) ...

2026-03-14T15:39:16.920642356Z [inf]  Setting up binutils (2.40-2) ...

2026-03-14T15:39:16.925314068Z [inf]  Setting up perl (5.36.0-7+deb12u3) ...

2026-03-14T15:39:16.936272714Z [inf]  Setting up libtirpc-dev:amd64 (1.3.3+ds-1) ...

2026-03-14T15:39:16.940488885Z [inf]  Setting up node-glob (8.0.3+~cs8.4.15-1) ...

2026-03-14T15:39:16.944449291Z [inf]  Setting up gcc-12 (12.2.0-14+deb12u1) ...

2026-03-14T15:39:16.94839156Z [inf]  Setting up libdpkg-perl (1.21.22) ...

2026-03-14T15:39:16.951856702Z [inf]  Setting up node-minipass (3.3.6+~cs9.4.19-1+deb12u1) ...

2026-03-14T15:39:16.955879361Z [inf]  Setting up libnsl2:amd64 (1.3.0-2) ...

2026-03-14T15:39:16.960024236Z [inf]  Setting up libpython3.11-stdlib:amd64 (3.11.2-6+deb12u6) ...

2026-03-14T15:39:16.963776454Z [inf]  Setting up gcc (4:12.2.0-3) ...

2026-03-14T15:39:16.977486525Z [inf]  Setting up dpkg-dev (1.21.22) ...

2026-03-14T15:39:16.985376741Z [inf]  Setting up libnsl-dev:amd64 (1.3.0-2) ...

2026-03-14T15:39:16.989832419Z [inf]  Setting up libc6-dev:amd64 (2.36-9+deb12u13) ...

2026-03-14T15:39:16.994201532Z [inf]  Setting up libpython3-stdlib:amd64 (3.11.2-1+b1) ...

2026-03-14T15:39:16.997968633Z [inf]  Setting up python3.11 (3.11.2-6+deb12u6) ...

2026-03-14T15:39:17.140114783Z [inf]  Selecting previously unselected package chromium.

2026-03-14T15:39:17.141698466Z [inf]  Preparing to unpack .../161-chromium_146.0.7680.71-1~deb12u1_amd64.deb ...

2026-03-14T15:39:17.143093115Z [inf]  Unpacking chromium (146.0.7680.71-1~deb12u1) ...

2026-03-14T15:39:17.817375089Z [inf]  Setting up libstdc++-12-dev:amd64 (12.2.0-14+deb12u1) ...

2026-03-14T15:39:17.838353203Z [inf]  Setting up python3 (3.11.2-1+b1) ...

2026-03-14T15:39:17.852501596Z [inf]  running python rtupdate hooks for python3.11...
running python post-rtupdate hooks for python3.11...

2026-03-14T15:39:17.945959248Z [inf]  Setting up python3-six (1.16.0-4) ...

2026-03-14T15:39:18.050795181Z [inf]  Setting up python-is-python3 (3.11.2-1+deb12u1) ...

2026-03-14T15:39:18.055602203Z [inf]  Setting up g++-12 (12.2.0-14+deb12u1) ...

2026-03-14T15:39:18.060805108Z [inf]  Setting up python3-pkg-resources (66.1.1-1+deb12u2) ...

2026-03-14T15:39:18.289482334Z [inf]  Setting up g++ (4:12.2.0-3) ...

2026-03-14T15:39:18.294022752Z [inf]  update-alternatives: using /usr/bin/g++ to provide /usr/bin/c++ (c++) in auto mode

2026-03-14T15:39:18.297515261Z [inf]  Setting up build-essential (12.9) ...

2026-03-14T15:39:18.30266981Z [inf]  Setting up gyp (0.1+20220404git9ecf45e-2) ...

2026-03-14T15:39:18.405942143Z [inf]  Selecting previously unselected package chromium-sandbox.

2026-03-14T15:39:18.408534252Z [inf]  Preparing to unpack .../162-chromium-sandbox_146.0.7680.71-1~deb12u1_amd64.deb ...

2026-03-14T15:39:18.410982758Z [inf]  Unpacking chromium-sandbox (146.0.7680.71-1~deb12u1) ...

2026-03-14T15:39:18.448559398Z [inf]  Setting up libexpat1:amd64 (2.5.0-1+deb12u2) ...

2026-03-14T15:39:18.45292114Z [inf]  Setting up libgraphite2-3:amd64 (1.3.14-1) ...

2026-03-14T15:39:18.456298286Z [inf]  Setting up liblcms2-2:amd64 (2.14-2) ...

2026-03-14T15:39:18.460042035Z [inf]  Setting up libpixman-1-0:amd64 (0.42.2-1) ...

2026-03-14T15:39:18.46381465Z [inf]  Setting up libwayland-server0:amd64 (1.21.0-1) ...

2026-03-14T15:39:18.467141107Z [inf]  Setting up libpciaccess0:amd64 (0.17-2) ...

2026-03-14T15:39:18.470522666Z [inf]  Setting up systemd-sysv (252.39-1~deb12u1) ...

2026-03-14T15:39:18.475603014Z [inf]  Setting up libxau6:amd64 (1:1.0.9-1) ...

2026-03-14T15:39:18.479160089Z [inf]  Setting up libdouble-conversion3:amd64 (3.2.1-1) ...

2026-03-14T15:39:18.482592066Z [inf]  Setting up libkeyutils1:amd64 (1.6.3-2) ...

2026-03-14T15:39:18.486329332Z [inf]  Setting up libicu72:amd64 (72.1-3+deb12u1) ...
2026-03-14T15:39:18.486375361Z [inf]  

2026-03-14T15:39:18.489929692Z [inf]  Setting up libmpg123-0:amd64 (1.31.2-1+deb12u1) ...

2026-03-14T15:39:18.493857603Z [inf]  Setting up libogg0:amd64 (1.3.5-3) ...

2026-03-14T15:39:18.497759869Z [inf]  Setting up liblerc4:amd64 (4.0.0+ds-2) ...

2026-03-14T15:39:18.501447843Z [inf]  Setting up hicolor-icon-theme (0.17-2) ...

2026-03-14T15:39:18.520436589Z [inf]  Setting up libdatrie1:amd64 (0.2.13-2+b1) ...

2026-03-14T15:39:18.523930504Z [inf]  Setting up libminizip1:amd64 (1.1-8+deb12u1) ...

2026-03-14T15:39:18.527433009Z [inf]  Setting up libglib2.0-0:amd64 (2.74.6-2+deb12u8) ...

2026-03-14T15:39:18.540404435Z [inf]  Setting up libglvnd0:amd64 (1.6.0-1) ...

2026-03-14T15:39:18.544123159Z [inf]  Setting up libbrotli1:amd64 (1.0.9-2+b6) ...

2026-03-14T15:39:18.548039647Z [inf]  Setting up libsqlite3-0:amd64 (3.40.1-2+deb12u2) ...

2026-03-14T15:39:18.551558094Z [inf]  Setting up libgdk-pixbuf2.0-common (2.42.10+dfsg-1+deb12u3) ...

2026-03-14T15:39:18.553588778Z [inf]  Setting up node-acorn (8.8.1+ds+~cs25.17.7-2) ...

2026-03-14T15:39:18.555389592Z [inf]  Setting up x11-common (1:7.7+23) ...

2026-03-14T15:39:18.559135976Z [inf]  Setting up libnode108:amd64 (18.20.4+dfsg-1~deb12u1) ...

2026-03-14T15:39:18.56515856Z [inf]  Setting up nodejs (18.20.4+dfsg-1~deb12u1) ...

2026-03-14T15:39:18.571115226Z [inf]  update-alternatives: using /usr/bin/nodejs to provide /usr/bin/js (js) in auto mode

2026-03-14T15:39:18.571166834Z [inf]  update-alternatives: warning: skip creation of /usr/share/man/man1/js.1.gz because associated file /usr/share/man/man1/nodejs.1.gz (of link group js) doesn't exist

2026-03-14T15:39:18.574577005Z [inf]  Setting up node-strip-ansi (6.0.1-2) ...

2026-03-14T15:39:18.58106066Z [inf]  Setting up node-which (2.0.2+~cs1.3.2-3) ...

2026-03-14T15:39:18.585441151Z [inf]  Setting up node-mkdirp (1.0.4+~1.0.2-4) ...

2026-03-14T15:39:18.590195379Z [inf]  Setting up node-nopt (5.0.0-4) ...

2026-03-14T15:39:18.595204629Z [inf]  Setting up node-ms (2.1.3+~cs0.7.31-3) ...

2026-03-14T15:39:18.59996599Z [inf]  Setting up node-rimraf (3.0.2-2) ...

2026-03-14T15:39:18.604644535Z [inf]  Setting up node-string-width (4.2.3+~cs13.2.3-1) ...

2026-03-14T15:39:18.609460039Z [inf]  Setting up node-semver (7.3.5+~7.3.9-2) ...

2026-03-14T15:39:18.614163116Z [inf]  Setting up libnode-dev (18.20.4+dfsg-1~deb12u1) ...

2026-03-14T15:39:18.618766792Z [inf]  Setting up node-debug (4.3.4+~cs4.1.7-1) ...

2026-03-14T15:39:18.623627075Z [inf]  Setting up node-agent-base (6.0.2+~cs5.4.2-2) ...

2026-03-14T15:39:18.628632672Z [inf]  Setting up node-tar (6.1.13+~cs7.0.5-1) ...

2026-03-14T15:39:18.632975753Z [inf]  Setting up node-wide-align (1.1.3-4) ...

2026-03-14T15:39:18.637497623Z [inf]  Setting up node-https-proxy-agent (5.0.1+~cs8.0.0-3) ...

2026-03-14T15:39:18.642152753Z [inf]  Setting up node-gauge (4.0.4-1) ...

2026-03-14T15:39:18.64568261Z [inf]  debconf: unable to initialize frontend: Dialog
debconf: (TERM is not set, so the dialog frontend is not usable.)
debconf: falling back to frontend: Readline

2026-03-14T15:39:18.645837189Z [inf]  debconf: unable to initialize frontend: Readline
debconf: (Can't locate Term/ReadLine.pm in @INC (you may need to install the Term::ReadLine module) (@INC contains: /etc/perl /usr/local/lib/x86_64-linux-gnu/perl/5.36.0 /usr/local/share/perl/5.36.0 /usr/lib/x86_64-linux-gnu/perl5/5.36 /usr/share/perl5 /usr/lib/x86_64-linux-gnu/perl-base /usr/lib/x86_64-linux-gnu/perl/5.36 /usr/share/perl/5.36 /usr/local/lib/site_perl) at /usr/share/perl5/Debconf/FrontEnd/Readline.pm line 7.)
debconf: falling back to frontend: Teletype

2026-03-14T15:39:18.646682969Z [inf]  Setting up node-npmlog (7.0.1+~4.1.4-1) ...

2026-03-14T15:39:18.650476644Z [inf]  Setting up node-gyp (9.3.0-2) ...

2026-03-14T15:39:18.654665311Z [inf]  Processing triggers for libc-bin (2.36-9+deb12u13) ...

2026-03-14T15:39:18.665200762Z [inf]  invoke-rc.d: could not determine current runlevel

2026-03-14T15:39:18.668515077Z [inf]  invoke-rc.d: policy-rc.d denied execution of restart.

2026-03-14T15:39:18.673807599Z [inf]  Setting up libsensors-config (1:3.6.0-7.1) ...

2026-03-14T15:39:18.680855804Z [inf]  Setting up libdeflate0:amd64 (1.14-1) ...

2026-03-14T15:39:18.686057384Z [inf]  Setting up xkb-data (2.35.1-1) ...

2026-03-14T15:39:18.690229253Z [inf]  Setting up chromium-sandbox (146.0.7680.71-1~deb12u1) ...

2026-03-14T15:39:18.694076108Z [inf]  Setting up libjbig0:amd64 (2.1-6.1) ...

2026-03-14T15:39:18.697783367Z [inf]  Setting up libcolord2:amd64 (1.4.6-2.2) ...

2026-03-14T15:39:18.701434406Z [inf]  Setting up libkrb5support0:amd64 (1.20.1-2+deb12u4) ...

2026-03-14T15:39:18.706154173Z [inf]  Setting up libdconf1:amd64 (0.40.0-4) ...

2026-03-14T15:39:18.710812017Z [inf]  Setting up libasound2-data (1.2.8-1) ...

2026-03-14T15:39:18.714807797Z [inf]  Setting up libfontenc1:amd64 (1:1.1.4-1) ...

2026-03-14T15:39:18.718555467Z [inf]  Setting up libz3-4:amd64 (4.8.12-3.1) ...

2026-03-14T15:39:18.722407592Z [inf]  Setting up libflac12:amd64 (1.4.2+ds-2) ...

2026-03-14T15:39:18.726248306Z [inf]  Setting up libjpeg62-turbo:amd64 (1:2.1.5-2) ...

2026-03-14T15:39:18.730005698Z [inf]  Setting up libx11-data (2:1.8.4-2+deb12u2) ...

2026-03-14T15:39:18.733405877Z [inf]  Setting up libepoxy0:amd64 (1.5.10-1) ...

2026-03-14T15:39:18.737014906Z [inf]  Setting up libnspr4:amd64 (2:4.35-1) ...

2026-03-14T15:39:18.740930395Z [inf]  Setting up libavahi-common-data:amd64 (0.8-10+deb12u1) ...

2026-03-14T15:39:18.747309032Z [inf]  Setting up libdbus-1-3:amd64 (1.14.10-1~deb12u1) ...

2026-03-14T15:39:18.798841401Z [inf]  Setting up libfribidi0:amd64 (1.0.8-2.1) ...

2026-03-14T15:39:18.860276738Z [inf]  Setting up libopus0:amd64 (1.3.1-3) ...

2026-03-14T15:39:18.872822818Z [inf]  Setting up libproc2-0:amd64 (2:4.0.2-3) ...

2026-03-14T15:39:18.881786617Z [inf]  Setting up libpng16-16:amd64 (1.6.39-2+deb12u3) ...

2026-03-14T15:39:18.886851396Z [inf]  Setting up libvorbis0a:amd64 (1.3.7-1) ...

2026-03-14T15:39:18.890899261Z [inf]  Setting up fonts-dejavu-core (2.37-6) ...

2026-03-14T15:39:18.912075027Z [inf]  Setting up libsensors5:amd64 (1:3.6.0-7.1) ...

2026-03-14T15:39:18.917567037Z [inf]  Setting up libncursesw6:amd64 (6.4-4) ...

2026-03-14T15:39:18.923749331Z [inf]  Setting up libk5crypto3:amd64 (1.20.1-2+deb12u4) ...

2026-03-14T15:39:18.929201141Z [inf]  Setting up libdav1d6:amd64 (1.0.0-2+deb12u1) ...

2026-03-14T15:39:18.934508994Z [inf]  Setting up libglapi-mesa:amd64 (22.3.6-1+deb12u1) ...

2026-03-14T15:39:18.939093783Z [inf]  Setting up libopenh264-7:amd64 (2.3.1+dfsg-3+deb12u2) ...

2026-03-14T15:39:18.939282008Z [inf]  [build 1/4] RUN apt-get update -qq &&     apt-get install --no-install-recommends -y build-essential node-gyp pkg-config python-is-python3
2026-03-14T15:39:18.942033006Z [inf]  [build 2/4] COPY package-lock.json package.json ./
2026-03-14T15:39:18.943031917Z [inf]  Setting up libwebp7:amd64 (1.2.4-0.2+deb12u1) ...

2026-03-14T15:39:18.947013183Z [inf]  Setting up libasyncns0:amd64 (0.8-6+b3) ...

2026-03-14T15:39:18.951684812Z [inf]  Setting up libxshmfence1:amd64 (1.3-1) ...

2026-03-14T15:39:18.95650944Z [inf]  Setting up at-spi2-common (2.46.0-5) ...

2026-03-14T15:39:18.961824737Z [inf]  Setting up libtiff6:amd64 (4.5.0-6+deb12u3) ...

2026-03-14T15:39:18.968423137Z [inf]  Setting up dbus-session-bus-common (1.14.10-1~deb12u1) ...

2026-03-14T15:39:18.973668362Z [inf]  Setting up procps (2:4.0.2-3) ...

2026-03-14T15:39:19.004184679Z [inf]  Setting up libasound2:amd64 (1.2.8-1+b1) ...

2026-03-14T15:39:19.011378041Z [inf]  Setting up libopenjp2-7:amd64 (2.5.0-2+deb12u2) ...

2026-03-14T15:39:19.019798495Z [inf]  Setting up libthai-data (0.1.29-1) ...

2026-03-14T15:39:19.026952464Z [inf]  Setting up libatk1.0-0:amd64 (2.46.0-5) ...

2026-03-14T15:39:19.033653013Z [inf]  Setting up libkrb5-3:amd64 (1.20.1-2+deb12u4) ...

2026-03-14T15:39:19.038417896Z [inf]  Setting up libwayland-egl1:amd64 (1.21.0-1) ...

2026-03-14T15:39:19.038484092Z [inf]  [build 2/4] COPY package-lock.json package.json ./
2026-03-14T15:39:19.040762025Z [inf]  [build 3/4] RUN npm ci
2026-03-14T15:39:19.042687073Z [inf]  Setting up dbus-system-bus-common (1.14.10-1~deb12u1) ...

2026-03-14T15:39:19.098307554Z [inf]  Setting up libbsd0:amd64 (0.11.7-2) ...

2026-03-14T15:39:19.102499096Z [inf]  Setting up libdrm-common (2.4.114-1) ...

2026-03-14T15:39:19.106030757Z [inf]  Setting up libelf1:amd64 (0.188-2.1) ...

2026-03-14T15:39:19.109853945Z [inf]  Setting up libxml2:amd64 (2.9.14+dfsg-1.3~deb12u5) ...

2026-03-14T15:39:19.113413809Z [inf]  Setting up xdg-utils (1.1.3-4.1) ...

2026-03-14T15:39:19.118765018Z [inf]  update-alternatives: using /usr/bin/xdg-open to provide /usr/bin/open (open) in auto mode

2026-03-14T15:39:19.118822322Z [inf]  update-alternatives: warning: skip creation of /usr/share/man/man1/open.1.gz because associated file /usr/share/man/man1/xdg-open.1.gz (of link group open) doesn't exist

2026-03-14T15:39:19.121411343Z [inf]  Setting up dbus-bin (1.14.10-1~deb12u1) ...

2026-03-14T15:39:19.125075365Z [inf]  Setting up libmp3lame0:amd64 (3.100-6) ...

2026-03-14T15:39:19.135961898Z [inf]  Setting up libvorbisenc2:amd64 (1.3.7-1) ...

2026-03-14T15:39:19.139928887Z [inf]  Setting up libxkbcommon0:amd64 (1.5.0-1) ...

2026-03-14T15:39:19.144311751Z [inf]  Setting up libwayland-client0:amd64 (1.21.0-1) ...

2026-03-14T15:39:19.148339437Z [inf]  Setting up libice6:amd64 (2:1.0.10-1) ...

2026-03-14T15:39:19.151484472Z [inf]  Setting up libxdmcp6:amd64 (1:1.1.2-3) ...

2026-03-14T15:39:19.154791796Z [inf]  Setting up libxcb1:amd64 (1.15-1) ...

2026-03-14T15:39:19.158548566Z [inf]  Setting up libxcb-xfixes0:amd64 (1.15-1) ...

2026-03-14T15:39:19.161829358Z [inf]  Setting up libxcb-render0:amd64 (1.15-1) ...

2026-03-14T15:39:19.166065105Z [inf]  Setting up fontconfig-config (2.14.1-4) ...

2026-03-14T15:39:19.226148181Z [inf]  debconf: unable to initialize frontend: Dialog
debconf: (TERM is not set, so the dialog frontend is not usable.)
debconf: falling back to frontend: Readline

2026-03-14T15:39:19.226250122Z [inf]  debconf: unable to initialize frontend: Readline
debconf: (Can't locate Term/ReadLine.pm in @INC (you may need to install the Term::ReadLine module) (@INC contains: /etc/perl /usr/local/lib/x86_64-linux-gnu/perl/5.36.0 /usr/local/share/perl/5.36.0 /usr/lib/x86_64-linux-gnu/perl5/5.36 /usr/share/perl5 /usr/lib/x86_64-linux-gnu/perl-base /usr/lib/x86_64-linux-gnu/perl/5.36 /usr/share/perl/5.36 /usr/local/lib/site_perl) at /usr/share/perl5/Debconf/FrontEnd/Readline.pm line 7.)
debconf: falling back to frontend: Teletype

2026-03-14T15:39:19.346356806Z [inf]  Setting up libxcb-glx0:amd64 (1.15-1) ...

2026-03-14T15:39:19.349571059Z [inf]  Setting up libedit2:amd64 (3.1-20221030-2) ...

2026-03-14T15:39:19.352450596Z [inf]  Setting up libxcb-shape0:amd64 (1.15-1) ...

2026-03-14T15:39:19.355419548Z [inf]  Setting up libavahi-common3:amd64 (0.8-10+deb12u1) ...

2026-03-14T15:39:19.358347325Z [inf]  Setting up libnss3:amd64 (2:3.87.1-1+deb12u2) ...

2026-03-14T15:39:19.361459672Z [inf]  Setting up libxcb-shm0:amd64 (1.15-1) ...

2026-03-14T15:39:19.365489193Z [inf]  Setting up dbus-daemon (1.14.10-1~deb12u1) ...

2026-03-14T15:39:19.380655339Z [inf]  Setting up libxcb-present0:amd64 (1.15-1) ...

2026-03-14T15:39:19.384734885Z [inf]  Setting up libthai0:amd64 (0.1.29-1) ...

2026-03-14T15:39:19.388815632Z [inf]  Setting up libfreetype6:amd64 (2.12.1+dfsg-5+deb12u4) ...

2026-03-14T15:39:19.39341252Z [inf]  Setting up libxcb-sync1:amd64 (1.15-1) ...

2026-03-14T15:39:19.398329432Z [inf]  Setting up dbus (1.14.10-1~deb12u1) ...

2026-03-14T15:39:19.421322531Z [inf]  invoke-rc.d: could not determine current runlevel

2026-03-14T15:39:19.424054903Z [inf]  invoke-rc.d: policy-rc.d denied execution of start.

2026-03-14T15:39:19.427155856Z [inf]  Setting up shared-mime-info (2.2-1) ...

2026-03-14T15:39:19.93014377Z [inf]  npm error code EUSAGE

2026-03-14T15:39:19.93226588Z [inf]  npm error
npm error `npm ci` can only install packages when your package.json and package-lock.json or npm-shrinkwrap.json are in sync. Please update your lock file with `npm install` before continuing.
npm error
npm error Missing: @supabase/supabase-js@2.99.1 from lock file
npm error Missing: @supabase/auth-js@2.99.1 from lock file
npm error Missing: @supabase/functions-js@2.99.1 from lock file
npm error Missing: @supabase/postgrest-js@2.99.1 from lock file
npm error Missing: @supabase/realtime-js@2.99.1 from lock file
npm error Missing: @supabase/storage-js@2.99.1 from lock file
npm error Missing: @types/phoenix@1.6.7 from lock file
npm error Missing: @types/ws@8.18.1 from lock file
npm error Missing: iceberg-js@0.8.1 from lock file
npm error
npm error Clean install a project
npm error
npm error Usage:
npm error npm ci
npm error
npm error Options:
npm error [--install-strategy <hoisted|nested|shallow|linked>] [--legacy-bundling]
npm error [--global-style] [--omit <dev|optional|peer> [--omit <dev|optional|peer> ...]]
npm error [--include <prod|dev|optional|peer> [--include <prod|dev|optional|peer> ...]]
npm error [--strict-peer-deps] [--foreground-scripts] [--ignore-scripts] [--no-audit]
npm error [--no-bin-links] [--no-fund] [--dry-run]
npm error [-w|--workspace <workspace-name> [-w|--workspace <workspace-name> ...]]
npm error [--workspaces] [--include-workspace-root] [--install-links]
npm error
npm error aliases: clean-install, ic, install-clean, isntall-clean
npm error
npm error Run "npm help ci" for more info

2026-03-14T15:39:19.933708159Z [inf]  npm notice
npm notice New minor version of npm available! 11.6.2 -> 11.11.1
npm notice Changelog: https://github.com/npm/cli/releases/tag/v11.11.1
npm notice To update run: npm install -g npm@11.11.1
npm notice

2026-03-14T15:39:19.934213305Z [inf]  npm error A complete log of this run can be found in: /root/.npm/_logs/2026-03-14T15_39_19_211Z-debug-0.log

2026-03-14T15:39:20.024198201Z [err]  [build 3/4] RUN npm ci
2026-03-14T15:39:20.143924965Z [err]  [stage-2 1/2] RUN apt-get update -qq &&     apt-get install --no-install-recommends -y chromium chromium-sandbox &&     rm -rf /var/lib/apt/lists /var/cache/apt/archives
2026-03-14T15:39:20.165260379Z [err]  Dockerfile:25
2026-03-14T15:39:20.165290102Z [err]  -------------------
2026-03-14T15:39:20.165294948Z [err]  23 |     # Install node modules
2026-03-14T15:39:20.165299254Z [err]  24 |     COPY package-lock.json package.json ./
2026-03-14T15:39:20.165304658Z [err]  25 | >>> RUN npm ci
2026-03-14T15:39:20.165308122Z [err]  26 |
2026-03-14T15:39:20.165311836Z [err]  27 |     # Copy application code
2026-03-14T15:39:20.165315564Z [err]  -------------------
2026-03-14T15:39:20.165319993Z [err]  ERROR: failed to build: failed to solve: process "/bin/sh -c npm ci" did not complete successfully: exit code: 1